[build-arm64] compile (vmin=11.0, SDL2, port version v1.15.14-perf-test1-dirty)
sysctl: sysctl fmt -1 1024 1: Operation not permitted
clang  -DNDEBUG -c -Wall -MMD -mmacosx-version-min=11.0 -O2   -arch arm64 -mmacosx-version-min=11.0 -O2 -DUSE_SDL2 -DGL_SILENCE_DEPRECATION=1 -DQUAKESPASM_VER_SUFFIX='"-oldmac-v1.15.14-perf-test1-dirty"' -DUSE_CODEC_WAVE -DUSE_CODEC_FLAC -DUSE_CODEC_OPUS -DUSE_CODEC_VORBIS  -DUSE_CODEC_MP3 -DUSE_CODEC_XMP -DUSE_CODEC_UMX -I../MacOSX/codecs/include -D_GNU_SOURCE=1 -D_THREAD_SAFE -DSDL_FRAMEWORK -DNO_SDL_CONFIG -F../MacOSX -o strlcat.o strlcat.c
clang  -DNDEBUG -c -Wall -MMD -mmacosx-version-min=11.0 -O2   -arch arm64 -mmacosx-version-min=11.0 -O2 -DUSE_SDL2 -DGL_SILENCE_DEPRECATION=1 -DQUAKESPASM_VER_SUFFIX='"-oldmac-v1.15.14-perf-test1-dirty"' -DUSE_CODEC_WAVE -DUSE_CODEC_FLAC -DUSE_CODEC_OPUS -DUSE_CODEC_VORBIS  -DUSE_CODEC_MP3 -DUSE_CODEC_XMP -DUSE_CODEC_UMX -I../MacOSX/codecs/include -D_GNU_SOURCE=1 -D_THREAD_SAFE -DSDL_FRAMEWORK -DNO_SDL_CONFIG -F../MacOSX -o strlcpy.o strlcpy.c
clang  -DNDEBUG -c -Wall -MMD -mmacosx-version-min=11.0 -O2   -arch arm64 -mmacosx-version-min=11.0 -O2 -DUSE_SDL2 -DGL_SILENCE_DEPRECATION=1 -DQUAKESPASM_VER_SUFFIX='"-oldmac-v1.15.14-perf-test1-dirty"' -DUSE_CODEC_WAVE -DUSE_CODEC_FLAC -DUSE_CODEC_OPUS -DUSE_CODEC_VORBIS  -DUSE_CODEC_MP3 -DUSE_CODEC_XMP -DUSE_CODEC_UMX -I../MacOSX/codecs/include -D_GNU_SOURCE=1 -D_THREAD_SAFE -DSDL_FRAMEWORK -DNO_SDL_CONFIG -F../MacOSX -o gl_refrag.o gl_refrag.c
clang  -DNDEBUG -c -Wall -MMD -mmacosx-version-min=11.0 -O2   -arch arm64 -mmacosx-version-min=11.0 -O2 -DUSE_SDL2 -DGL_SILENCE_DEPRECATION=1 -DQUAKESPASM_VER_SUFFIX='"-oldmac-v1.15.14-perf-test1-dirty"' -DUSE_CODEC_WAVE -DUSE_CODEC_FLAC -DUSE_CODEC_OPUS -DUSE_CODEC_VORBIS  -DUSE_CODEC_MP3 -DUSE_CODEC_XMP -DUSE_CODEC_UMX -I../MacOSX/codecs/include -D_GNU_SOURCE=1 -D_THREAD_SAFE -DSDL_FRAMEWORK -DNO_SDL_CONFIG -F../MacOSX -o gl_rlight.o gl_rlight.c
clang  -DNDEBUG -c -Wall -MMD -mmacosx-version-min=11.0 -O2   -arch arm64 -mmacosx-version-min=11.0 -O2 -DUSE_SDL2 -DGL_SILENCE_DEPRECATION=1 -DQUAKESPASM_VER_SUFFIX='"-oldmac-v1.15.14-perf-test1-dirty"' -DUSE_CODEC_WAVE -DUSE_CODEC_FLAC -DUSE_CODEC_OPUS -DUSE_CODEC_VORBIS  -DUSE_CODEC_MP3 -DUSE_CODEC_XMP -DUSE_CODEC_UMX -I../MacOSX/codecs/include -D_GNU_SOURCE=1 -D_THREAD_SAFE -DSDL_FRAMEWORK -DNO_SDL_CONFIG -F../MacOSX -o gl_rmain.o gl_rmain.c
clang  -DNDEBUG -c -Wall -MMD -mmacosx-version-min=11.0 -O2   -arch arm64 -mmacosx-version-min=11.0 -O2 -DUSE_SDL2 -DGL_SILENCE_DEPRECATION=1 -DQUAKESPASM_VER_SUFFIX='"-oldmac-v1.15.14-perf-test1-dirty"' -DUSE_CODEC_WAVE -DUSE_CODEC_FLAC -DUSE_CODEC_OPUS -DUSE_CODEC_VORBIS  -DUSE_CODEC_MP3 -DUSE_CODEC_XMP -DUSE_CODEC_UMX -I../MacOSX/codecs/include -D_GNU_SOURCE=1 -D_THREAD_SAFE -DSDL_FRAMEWORK -DNO_SDL_CONFIG -F../MacOSX -o gl_fog.o gl_fog.c
clang  -DNDEBUG -c -Wall -MMD -mmacosx-version-min=11.0 -O2   -arch arm64 -mmacosx-version-min=11.0 -O2 -DUSE_SDL2 -DGL_SILENCE_DEPRECATION=1 -DQUAKESPASM_VER_SUFFIX='"-oldmac-v1.15.14-perf-test1-dirty"' -DUSE_CODEC_WAVE -DUSE_CODEC_FLAC -DUSE_CODEC_OPUS -DUSE_CODEC_VORBIS  -DUSE_CODEC_MP3 -DUSE_CODEC_XMP -DUSE_CODEC_UMX -I../MacOSX/codecs/include -D_GNU_SOURCE=1 -D_THREAD_SAFE -DSDL_FRAMEWORK -DNO_SDL_CONFIG -F../MacOSX -o gl_emissive.o gl_emissive.c
clang  -DNDEBUG -c -Wall -MMD -mmacosx-version-min=11.0 -O2   -arch arm64 -mmacosx-version-min=11.0 -O2 -DUSE_SDL2 -DGL_SILENCE_DEPRECATION=1 -DQUAKESPASM_VER_SUFFIX='"-oldmac-v1.15.14-perf-test1-dirty"' -DUSE_CODEC_WAVE -DUSE_CODEC_FLAC -DUSE_CODEC_OPUS -DUSE_CODEC_VORBIS  -DUSE_CODEC_MP3 -DUSE_CODEC_XMP -DUSE_CODEC_UMX -I../MacOSX/codecs/include -D_GNU_SOURCE=1 -D_THREAD_SAFE -DSDL_FRAMEWORK -DNO_SDL_CONFIG -F../MacOSX -o gl_rmisc.o gl_rmisc.c
clang  -DNDEBUG -c -Wall -MMD -mmacosx-version-min=11.0 -O2   -arch arm64 -mmacosx-version-min=11.0 -O2 -DUSE_SDL2 -DGL_SILENCE_DEPRECATION=1 -DQUAKESPASM_VER_SUFFIX='"-oldmac-v1.15.14-perf-test1-dirty"' -DUSE_CODEC_WAVE -DUSE_CODEC_FLAC -DUSE_CODEC_OPUS -DUSE_CODEC_VORBIS  -DUSE_CODEC_MP3 -DUSE_CODEC_XMP -DUSE_CODEC_UMX -I../MacOSX/codecs/include -D_GNU_SOURCE=1 -D_THREAD_SAFE -DSDL_FRAMEWORK -DNO_SDL_CONFIG -F../MacOSX -o r_part.o r_part.c
clang  -DNDEBUG -c -Wall -MMD -mmacosx-version-min=11.0 -O2   -arch arm64 -mmacosx-version-min=11.0 -O2 -DUSE_SDL2 -DGL_SILENCE_DEPRECATION=1 -DQUAKESPASM_VER_SUFFIX='"-oldmac-v1.15.14-perf-test1-dirty"' -DUSE_CODEC_WAVE -DUSE_CODEC_FLAC -DUSE_CODEC_OPUS -DUSE_CODEC_VORBIS  -DUSE_CODEC_MP3 -DUSE_CODEC_XMP -DUSE_CODEC_UMX -I../MacOSX/codecs/include -D_GNU_SOURCE=1 -D_THREAD_SAFE -DSDL_FRAMEWORK -DNO_SDL_CONFIG -F../MacOSX -o r_decals.o r_decals.c
clang  -DNDEBUG -c -Wall -MMD -mmacosx-version-min=11.0 -O2   -arch arm64 -mmacosx-version-min=11.0 -O2 -DUSE_SDL2 -DGL_SILENCE_DEPRECATION=1 -DQUAKESPASM_VER_SUFFIX='"-oldmac-v1.15.14-perf-test1-dirty"' -DUSE_CODEC_WAVE -DUSE_CODEC_FLAC -DUSE_CODEC_OPUS -DUSE_CODEC_VORBIS  -DUSE_CODEC_MP3 -DUSE_CODEC_XMP -DUSE_CODEC_UMX -I../MacOSX/codecs/include -D_GNU_SOURCE=1 -D_THREAD_SAFE -DSDL_FRAMEWORK -DNO_SDL_CONFIG -F../MacOSX -o r_world.o r_world.c
clang  -DNDEBUG -c -Wall -MMD -mmacosx-version-min=11.0 -O2   -arch arm64 -mmacosx-version-min=11.0 -O2 -DUSE_SDL2 -DGL_SILENCE_DEPRECATION=1 -DQUAKESPASM_VER_SUFFIX='"-oldmac-v1.15.14-perf-test1-dirty"' -DUSE_CODEC_WAVE -DUSE_CODEC_FLAC -DUSE_CODEC_OPUS -DUSE_CODEC_VORBIS  -DUSE_CODEC_MP3 -DUSE_CODEC_XMP -DUSE_CODEC_UMX -I../MacOSX/codecs/include -D_GNU_SOURCE=1 -D_THREAD_SAFE -DSDL_FRAMEWORK -DNO_SDL_CONFIG -F../MacOSX -o gl_screen.o gl_screen.c
r_decals.c:466:16: warning: passing 'const vec_t *' (aka 'const float *') to parameter of type 'vec_t *' (aka 'float *') discards qualifiers [-Wincompatible-pointer-types-discards-qualifiers]
  466 |         CrossProduct (normal, right, up);
      |                       ^~~~~~
./mathlib.h:108:27: note: passing argument to parameter 'v1' here
  108 | void CrossProduct (vec3_t v1, vec3_t v2, vec3_t cross);
      |                           ^
r_decals.c:604:13: warning: passing 'const vec_t *' (aka 'const float *') to parameter of type 'vec_t *' (aka 'float *') discards qualifiers [-Wincompatible-pointer-types-discards-qualifiers]
  604 |                 VectorMA (origin, -BACKUP, dirs[i], start);
      |                           ^~~~~~
./mathlib.h:99:23: note: passing argument to parameter 'veca' here
   99 | void VectorMA (vec3_t veca, float scale, vec3_t vecb, vec3_t vecc);
      |                       ^
r_decals.c:604:30: warning: passing 'const vec3_t' (aka 'const float[3]') to parameter of type 'vec_t *' (aka 'float *') discards qualifiers [-Wincompatible-pointer-types-discards-qualifiers]
  604 |                 VectorMA (origin, -BACKUP, dirs[i], start);
      |                                            ^~~~~~~
./mathlib.h:99:49: note: passing argument to parameter 'vecb' here
   99 | void VectorMA (vec3_t veca, float scale, vec3_t vecb, vec3_t vecc);
      |                                                 ^
r_decals.c:605:13: warning: passing 'const vec_t *' (aka 'const float *') to parameter of type 'vec_t *' (aka 'float *') discards qualifiers [-Wincompatible-pointer-types-discards-qualifiers]
  605 |                 VectorMA (origin, probe, dirs[i], end);
      |                           ^~~~~~
./mathlib.h:99:23: note: passing argument to parameter 'veca' here
   99 | void VectorMA (vec3_t veca, float scale, vec3_t vecb, vec3_t vecc);
      |                       ^
r_decals.c:605:28: warning: passing 'const vec3_t' (aka 'const float[3]') to parameter of type 'vec_t *' (aka 'float *') discards qualifiers [-Wincompatible-pointer-types-discards-qualifiers]
  605 |                 VectorMA (origin, probe, dirs[i], end);
      |                                          ^~~~~~~
./mathlib.h:99:49: note: passing argument to parameter 'vecb' here
   99 | void VectorMA (vec3_t veca, float scale, vec3_t vecb, vec3_t vecc);
      |                                                 ^
clang  -DNDEBUG -c -Wall -MMD -mmacosx-version-min=11.0 -O2   -arch arm64 -mmacosx-version-min=11.0 -O2 -DUSE_SDL2 -DGL_SILENCE_DEPRECATION=1 -DQUAKESPASM_VER_SUFFIX='"-oldmac-v1.15.14-perf-test1-dirty"' -DUSE_CODEC_WAVE -DUSE_CODEC_FLAC -DUSE_CODEC_OPUS -DUSE_CODEC_VORBIS  -DUSE_CODEC_MP3 -DUSE_CODEC_XMP -DUSE_CODEC_UMX -I../MacOSX/codecs/include -D_GNU_SOURCE=1 -D_THREAD_SAFE -DSDL_FRAMEWORK -DNO_SDL_CONFIG -F../MacOSX -o gl_sky.o gl_sky.c
clang  -DNDEBUG -c -Wall -MMD -mmacosx-version-min=11.0 -O2   -arch arm64 -mmacosx-version-min=11.0 -O2 -DUSE_SDL2 -DGL_SILENCE_DEPRECATION=1 -DQUAKESPASM_VER_SUFFIX='"-oldmac-v1.15.14-perf-test1-dirty"' -DUSE_CODEC_WAVE -DUSE_CODEC_FLAC -DUSE_CODEC_OPUS -DUSE_CODEC_VORBIS  -DUSE_CODEC_MP3 -DUSE_CODEC_XMP -DUSE_CODEC_UMX -I../MacOSX/codecs/include -D_GNU_SOURCE=1 -D_THREAD_SAFE -DSDL_FRAMEWORK -DNO_SDL_CONFIG -F../MacOSX -o gl_warp.o gl_warp.c
5 warnings generated.
clang  -DNDEBUG -c -Wall -MMD -mmacosx-version-min=11.0 -O2   -arch arm64 -mmacosx-version-min=11.0 -O2 -DUSE_SDL2 -DGL_SILENCE_DEPRECATION=1 -DQUAKESPASM_VER_SUFFIX='"-oldmac-v1.15.14-perf-test1-dirty"' -DUSE_CODEC_WAVE -DUSE_CODEC_FLAC -DUSE_CODEC_OPUS -DUSE_CODEC_VORBIS  -DUSE_CODEC_MP3 -DUSE_CODEC_XMP -DUSE_CODEC_UMX -I../MacOSX/codecs/include -D_GNU_SOURCE=1 -D_THREAD_SAFE -DSDL_FRAMEWORK -DNO_SDL_CONFIG -F../MacOSX -o gl_vidsdl.o gl_vidsdl.c
clang  -DNDEBUG -c -Wall -MMD -mmacosx-version-min=11.0 -O2   -arch arm64 -mmacosx-version-min=11.0 -O2 -DUSE_SDL2 -DGL_SILENCE_DEPRECATION=1 -DQUAKESPASM_VER_SUFFIX='"-oldmac-v1.15.14-perf-test1-dirty"' -DUSE_CODEC_WAVE -DUSE_CODEC_FLAC -DUSE_CODEC_OPUS -DUSE_CODEC_VORBIS  -DUSE_CODEC_MP3 -DUSE_CODEC_XMP -DUSE_CODEC_UMX -I../MacOSX/codecs/include -D_GNU_SOURCE=1 -D_THREAD_SAFE -DSDL_FRAMEWORK -DNO_SDL_CONFIG -F../MacOSX -o gl_draw.o gl_draw.c
clang  -DNDEBUG -c -Wall -MMD -mmacosx-version-min=11.0 -O2   -arch arm64 -mmacosx-version-min=11.0 -O2 -DUSE_SDL2 -DGL_SILENCE_DEPRECATION=1 -DQUAKESPASM_VER_SUFFIX='"-oldmac-v1.15.14-perf-test1-dirty"' -DUSE_CODEC_WAVE -DUSE_CODEC_FLAC -DUSE_CODEC_OPUS -DUSE_CODEC_VORBIS  -DUSE_CODEC_MP3 -DUSE_CODEC_XMP -DUSE_CODEC_UMX -I../MacOSX/codecs/include -D_GNU_SOURCE=1 -D_THREAD_SAFE -DSDL_FRAMEWORK -DNO_SDL_CONFIG -F../MacOSX -o image.o image.c
clang  -DNDEBUG -c -Wall -MMD -mmacosx-version-min=11.0 -O2   -arch arm64 -mmacosx-version-min=11.0 -O2 -DUSE_SDL2 -DGL_SILENCE_DEPRECATION=1 -DQUAKESPASM_VER_SUFFIX='"-oldmac-v1.15.14-perf-test1-dirty"' -DUSE_CODEC_WAVE -DUSE_CODEC_FLAC -DUSE_CODEC_OPUS -DUSE_CODEC_VORBIS  -DUSE_CODEC_MP3 -DUSE_CODEC_XMP -DUSE_CODEC_UMX -I../MacOSX/codecs/include -D_GNU_SOURCE=1 -D_THREAD_SAFE -DSDL_FRAMEWORK -DNO_SDL_CONFIG -F../MacOSX -o gl_texmgr.o gl_texmgr.c
clang  -DNDEBUG -c -Wall -MMD -mmacosx-version-min=11.0 -O2   -arch arm64 -mmacosx-version-min=11.0 -O2 -DUSE_SDL2 -DGL_SILENCE_DEPRECATION=1 -DQUAKESPASM_VER_SUFFIX='"-oldmac-v1.15.14-perf-test1-dirty"' -DUSE_CODEC_WAVE -DUSE_CODEC_FLAC -DUSE_CODEC_OPUS -DUSE_CODEC_VORBIS  -DUSE_CODEC_MP3 -DUSE_CODEC_XMP -DUSE_CODEC_UMX -I../MacOSX/codecs/include -D_GNU_SOURCE=1 -D_THREAD_SAFE -DSDL_FRAMEWORK -DNO_SDL_CONFIG -F../MacOSX -o gl_mesh.o gl_mesh.c
clang  -DNDEBUG -c -Wall -MMD -mmacosx-version-min=11.0 -O2   -arch arm64 -mmacosx-version-min=11.0 -O2 -DUSE_SDL2 -DGL_SILENCE_DEPRECATION=1 -DQUAKESPASM_VER_SUFFIX='"-oldmac-v1.15.14-perf-test1-dirty"' -DUSE_CODEC_WAVE -DUSE_CODEC_FLAC -DUSE_CODEC_OPUS -DUSE_CODEC_VORBIS  -DUSE_CODEC_MP3 -DUSE_CODEC_XMP -DUSE_CODEC_UMX -I../MacOSX/codecs/include -D_GNU_SOURCE=1 -D_THREAD_SAFE -DSDL_FRAMEWORK -DNO_SDL_CONFIG -F../MacOSX -o r_sprite.o r_sprite.c
clang  -DNDEBUG -c -Wall -MMD -mmacosx-version-min=11.0 -O2   -arch arm64 -mmacosx-version-min=11.0 -O2 -DUSE_SDL2 -DGL_SILENCE_DEPRECATION=1 -DQUAKESPASM_VER_SUFFIX='"-oldmac-v1.15.14-perf-test1-dirty"' -DUSE_CODEC_WAVE -DUSE_CODEC_FLAC -DUSE_CODEC_OPUS -DUSE_CODEC_VORBIS  -DUSE_CODEC_MP3 -DUSE_CODEC_XMP -DUSE_CODEC_UMX -I../MacOSX/codecs/include -D_GNU_SOURCE=1 -D_THREAD_SAFE -DSDL_FRAMEWORK -DNO_SDL_CONFIG -F../MacOSX -o r_alias.o r_alias.c
clang  -DNDEBUG -c -Wall -MMD -mmacosx-version-min=11.0 -O2   -arch arm64 -mmacosx-version-min=11.0 -O2 -DUSE_SDL2 -DGL_SILENCE_DEPRECATION=1 -DQUAKESPASM_VER_SUFFIX='"-oldmac-v1.15.14-perf-test1-dirty"' -DUSE_CODEC_WAVE -DUSE_CODEC_FLAC -DUSE_CODEC_OPUS -DUSE_CODEC_VORBIS  -DUSE_CODEC_MP3 -DUSE_CODEC_XMP -DUSE_CODEC_UMX -I../MacOSX/codecs/include -D_GNU_SOURCE=1 -D_THREAD_SAFE -DSDL_FRAMEWORK -DNO_SDL_CONFIG -F../MacOSX -o r_brush.o r_brush.c
clang  -DNDEBUG -c -Wall -MMD -mmacosx-version-min=11.0 -O2   -arch arm64 -mmacosx-version-min=11.0 -O2 -DUSE_SDL2 -DGL_SILENCE_DEPRECATION=1 -DQUAKESPASM_VER_SUFFIX='"-oldmac-v1.15.14-perf-test1-dirty"' -DUSE_CODEC_WAVE -DUSE_CODEC_FLAC -DUSE_CODEC_OPUS -DUSE_CODEC_VORBIS  -DUSE_CODEC_MP3 -DUSE_CODEC_XMP -DUSE_CODEC_UMX -I../MacOSX/codecs/include -D_GNU_SOURCE=1 -D_THREAD_SAFE -DSDL_FRAMEWORK -DNO_SDL_CONFIG -F../MacOSX -o gl_model.o gl_model.c
clang  -DNDEBUG -c -Wall -MMD -mmacosx-version-min=11.0 -O2   -arch arm64 -mmacosx-version-min=11.0 -O2 -DUSE_SDL2 -DGL_SILENCE_DEPRECATION=1 -DQUAKESPASM_VER_SUFFIX='"-oldmac-v1.15.14-perf-test1-dirty"' -DUSE_CODEC_WAVE -DUSE_CODEC_FLAC -DUSE_CODEC_OPUS -DUSE_CODEC_VORBIS  -DUSE_CODEC_MP3 -DUSE_CODEC_XMP -DUSE_CODEC_UMX -I../MacOSX/codecs/include -D_GNU_SOURCE=1 -D_THREAD_SAFE -DSDL_FRAMEWORK -DNO_SDL_CONFIG -F../MacOSX -o in_sdl.o in_sdl.c
clang  -DNDEBUG -c -Wall -MMD -mmacosx-version-min=11.0 -O2   -arch arm64 -mmacosx-version-min=11.0 -O2 -DUSE_SDL2 -DGL_SILENCE_DEPRECATION=1 -DQUAKESPASM_VER_SUFFIX='"-oldmac-v1.15.14-perf-test1-dirty"' -DUSE_CODEC_WAVE -DUSE_CODEC_FLAC -DUSE_CODEC_OPUS -DUSE_CODEC_VORBIS  -DUSE_CODEC_MP3 -DUSE_CODEC_XMP -DUSE_CODEC_UMX -I../MacOSX/codecs/include -D_GNU_SOURCE=1 -D_THREAD_SAFE -DSDL_FRAMEWORK -DNO_SDL_CONFIG -F../MacOSX -o snd_dma.o snd_dma.c
r_brush.c:1128:9: warning: variable 'cred' set but not used [-Wunused-but-set-variable]
 1128 |         float           cred, cgreen, cblue, brightness;
      |                         ^
r_brush.c:1128:15: warning: variable 'cgreen' set but not used [-Wunused-but-set-variable]
 1128 |         float           cred, cgreen, cblue, brightness;
      |                               ^
r_brush.c:1128:23: warning: variable 'cblue' set but not used [-Wunused-but-set-variable]
 1128 |         float           cred, cgreen, cblue, brightness;
      |                                       ^
r_brush.c:1128:30: warning: unused variable 'brightness' [-Wunused-variable]
 1128 |         float           cred, cgreen, cblue, brightness;
      |                                              ^~~~~~~~~~
clang  -DNDEBUG -c -Wall -MMD -mmacosx-version-min=11.0 -O2   -arch arm64 -mmacosx-version-min=11.0 -O2 -DUSE_SDL2 -DGL_SILENCE_DEPRECATION=1 -DQUAKESPASM_VER_SUFFIX='"-oldmac-v1.15.14-perf-test1-dirty"' -DUSE_CODEC_WAVE -DUSE_CODEC_FLAC -DUSE_CODEC_OPUS -DUSE_CODEC_VORBIS  -DUSE_CODEC_MP3 -DUSE_CODEC_XMP -DUSE_CODEC_UMX -I../MacOSX/codecs/include -D_GNU_SOURCE=1 -D_THREAD_SAFE -DSDL_FRAMEWORK -DNO_SDL_CONFIG -F../MacOSX -o snd_mix.o snd_mix.c
gl_model.c:2650:11: warning: unused variable 'j' [-Wunused-variable]
 2650 |         int                     i, j, k, pass, numclusters, pvsbytes;
      |                                    ^
clang  -DNDEBUG -c -Wall -MMD -mmacosx-version-min=11.0 -O2   -arch arm64 -mmacosx-version-min=11.0 -O2 -DUSE_SDL2 -DGL_SILENCE_DEPRECATION=1 -DQUAKESPASM_VER_SUFFIX='"-oldmac-v1.15.14-perf-test1-dirty"' -DUSE_CODEC_WAVE -DUSE_CODEC_FLAC -DUSE_CODEC_OPUS -DUSE_CODEC_VORBIS  -DUSE_CODEC_MP3 -DUSE_CODEC_XMP -DUSE_CODEC_UMX -I../MacOSX/codecs/include -D_GNU_SOURCE=1 -D_THREAD_SAFE -DSDL_FRAMEWORK -DNO_SDL_CONFIG -F../MacOSX -o snd_mem.o snd_mem.c
in_sdl.c:167:7: warning: 'IOHIDGetAccelerationWithKey' is deprecated: first deprecated in macOS 10.12 [-Wdeprecated-declarations]
  167 |                 if (IOHIDGetAccelerationWithKey(mouseDev, CFSTR(kIOHIDMouseAccelerationType), &originalMouseSpeed) == kIOReturnSuccess)
      |                     ^
/Applications/Xcode.app/Contents/Developer/Platforms/MacOSX.platform/Developer/SDKs/MacOSX.sdk/System/Library/Frameworks/IOKit.framework/Headers/hidsystem/IOHIDLib.h:96:1: note: 'IOHIDGetAccelerationWithKey' has been explicitly marked deprecated here
   96 | IOHIDGetAccelerationWithKey( io_connect_t handle, CFStringRef key, double * acceleration ) __attribute__((availability(macos,introduced=10.0,deprecated=10.12)));
      | ^
in_sdl.c:169:8: warning: 'IOHIDSetAccelerationWithKey' is deprecated: first deprecated in macOS 10.12 [-Wdeprecated-declarations]
  169 |                         if (IOHIDSetAccelerationWithKey(mouseDev, CFSTR(kIOHIDMouseAccelerationType), -1.0) != kIOReturnSuccess)
      |                             ^
/Applications/Xcode.app/Contents/Developer/Platforms/MacOSX.platform/Developer/SDKs/MacOSX.sdk/System/Library/Frameworks/IOKit.framework/Headers/hidsystem/IOHIDLib.h:99:1: note: 'IOHIDSetAccelerationWithKey' has been explicitly marked deprecated here
   99 | IOHIDSetAccelerationWithKey( io_connect_t handle, CFStringRef key, double acceleration ) __attribute__((availability(macos,introduced=10.0,deprecated=10.12)));
      | ^
in_sdl.c:194:7: warning: 'IOHIDSetAccelerationWithKey' is deprecated: first deprecated in macOS 10.12 [-Wdeprecated-declarations]
  194 |                 if (IOHIDSetAccelerationWithKey(mouseDev, CFSTR(kIOHIDMouseAccelerationType), originalMouseSpeed) != kIOReturnSuccess)
      |                     ^
/Applications/Xcode.app/Contents/Developer/Platforms/MacOSX.platform/Developer/SDKs/MacOSX.sdk/System/Library/Frameworks/IOKit.framework/Headers/hidsystem/IOHIDLib.h:99:1: note: 'IOHIDSetAccelerationWithKey' has been explicitly marked deprecated here
   99 | IOHIDSetAccelerationWithKey( io_connect_t handle, CFStringRef key, double acceleration ) __attribute__((availability(macos,introduced=10.0,deprecated=10.12)));
      | ^
4 warnings generated.
clang  -DNDEBUG -c -Wall -MMD -mmacosx-version-min=11.0 -O2   -arch arm64 -mmacosx-version-min=11.0 -O2 -DUSE_SDL2 -DGL_SILENCE_DEPRECATION=1 -DQUAKESPASM_VER_SUFFIX='"-oldmac-v1.15.14-perf-test1-dirty"' -DUSE_CODEC_WAVE -DUSE_CODEC_FLAC -DUSE_CODEC_OPUS -DUSE_CODEC_VORBIS  -DUSE_CODEC_MP3 -DUSE_CODEC_XMP -DUSE_CODEC_UMX -I../MacOSX/codecs/include -D_GNU_SOURCE=1 -D_THREAD_SAFE -DSDL_FRAMEWORK -DNO_SDL_CONFIG -F../MacOSX -o bgmusic.o bgmusic.c
3 warnings generated.
clang  -DNDEBUG -c -Wall -MMD -mmacosx-version-min=11.0 -O2   -arch arm64 -mmacosx-version-min=11.0 -O2 -DUSE_SDL2 -DGL_SILENCE_DEPRECATION=1 -DQUAKESPASM_VER_SUFFIX='"-oldmac-v1.15.14-perf-test1-dirty"' -DUSE_CODEC_WAVE -DUSE_CODEC_FLAC -DUSE_CODEC_OPUS -DUSE_CODEC_VORBIS  -DUSE_CODEC_MP3 -DUSE_CODEC_XMP -DUSE_CODEC_UMX -I../MacOSX/codecs/include -D_GNU_SOURCE=1 -D_THREAD_SAFE -DSDL_FRAMEWORK -DNO_SDL_CONFIG -F../MacOSX -o snd_codec.o snd_codec.c
clang  -DNDEBUG -c -Wall -MMD -mmacosx-version-min=11.0 -O2   -arch arm64 -mmacosx-version-min=11.0 -O2 -DUSE_SDL2 -DGL_SILENCE_DEPRECATION=1 -DQUAKESPASM_VER_SUFFIX='"-oldmac-v1.15.14-perf-test1-dirty"' -DUSE_CODEC_WAVE -DUSE_CODEC_FLAC -DUSE_CODEC_OPUS -DUSE_CODEC_VORBIS  -DUSE_CODEC_MP3 -DUSE_CODEC_XMP -DUSE_CODEC_UMX -I../MacOSX/codecs/include -D_GNU_SOURCE=1 -D_THREAD_SAFE -DSDL_FRAMEWORK -DNO_SDL_CONFIG -F../MacOSX -o snd_flac.o snd_flac.c
clang  -DNDEBUG -c -Wall -MMD -mmacosx-version-min=11.0 -O2   -arch arm64 -mmacosx-version-min=11.0 -O2 -DUSE_SDL2 -DGL_SILENCE_DEPRECATION=1 -DQUAKESPASM_VER_SUFFIX='"-oldmac-v1.15.14-perf-test1-dirty"' -DUSE_CODEC_WAVE -DUSE_CODEC_FLAC -DUSE_CODEC_OPUS -DUSE_CODEC_VORBIS  -DUSE_CODEC_MP3 -DUSE_CODEC_XMP -DUSE_CODEC_UMX -I../MacOSX/codecs/include -D_GNU_SOURCE=1 -D_THREAD_SAFE -DSDL_FRAMEWORK -DNO_SDL_CONFIG -F../MacOSX -o snd_wave.o snd_wave.c
clang  -DNDEBUG -c -Wall -MMD -mmacosx-version-min=11.0 -O2   -arch arm64 -mmacosx-version-min=11.0 -O2 -DUSE_SDL2 -DGL_SILENCE_DEPRECATION=1 -DQUAKESPASM_VER_SUFFIX='"-oldmac-v1.15.14-perf-test1-dirty"' -DUSE_CODEC_WAVE -DUSE_CODEC_FLAC -DUSE_CODEC_OPUS -DUSE_CODEC_VORBIS  -DUSE_CODEC_MP3 -DUSE_CODEC_XMP -DUSE_CODEC_UMX -I../MacOSX/codecs/include -D_GNU_SOURCE=1 -D_THREAD_SAFE -DSDL_FRAMEWORK -DNO_SDL_CONFIG -F../MacOSX -o snd_vorbis.o snd_vorbis.c
1 warning generated.
clang  -DNDEBUG -c -Wall -MMD -mmacosx-version-min=11.0 -O2   -arch arm64 -mmacosx-version-min=11.0 -O2 -DUSE_SDL2 -DGL_SILENCE_DEPRECATION=1 -DQUAKESPASM_VER_SUFFIX='"-oldmac-v1.15.14-perf-test1-dirty"' -DUSE_CODEC_WAVE -DUSE_CODEC_FLAC -DUSE_CODEC_OPUS -DUSE_CODEC_VORBIS  -DUSE_CODEC_MP3 -DUSE_CODEC_XMP -DUSE_CODEC_UMX -I../MacOSX/codecs/include -D_GNU_SOURCE=1 -D_THREAD_SAFE -DSDL_FRAMEWORK -DNO_SDL_CONFIG -F../MacOSX -o snd_opus.o snd_opus.c
clang  -DNDEBUG -c -Wall -MMD -mmacosx-version-min=11.0 -O2   -arch arm64 -mmacosx-version-min=11.0 -O2 -DUSE_SDL2 -DGL_SILENCE_DEPRECATION=1 -DQUAKESPASM_VER_SUFFIX='"-oldmac-v1.15.14-perf-test1-dirty"' -DUSE_CODEC_WAVE -DUSE_CODEC_FLAC -DUSE_CODEC_OPUS -DUSE_CODEC_VORBIS  -DUSE_CODEC_MP3 -DUSE_CODEC_XMP -DUSE_CODEC_UMX -I../MacOSX/codecs/include -D_GNU_SOURCE=1 -D_THREAD_SAFE -DSDL_FRAMEWORK -DNO_SDL_CONFIG -F../MacOSX -o snd_mp3.o snd_mp3.c
clang  -DNDEBUG -c -Wall -MMD -mmacosx-version-min=11.0 -O2   -arch arm64 -mmacosx-version-min=11.0 -O2 -DUSE_SDL2 -DGL_SILENCE_DEPRECATION=1 -DQUAKESPASM_VER_SUFFIX='"-oldmac-v1.15.14-perf-test1-dirty"' -DUSE_CODEC_WAVE -DUSE_CODEC_FLAC -DUSE_CODEC_OPUS -DUSE_CODEC_VORBIS  -DUSE_CODEC_MP3 -DUSE_CODEC_XMP -DUSE_CODEC_UMX -I../MacOSX/codecs/include -D_GNU_SOURCE=1 -D_THREAD_SAFE -DSDL_FRAMEWORK -DNO_SDL_CONFIG -F../MacOSX -o snd_mp3tag.o snd_mp3tag.c
clang  -DNDEBUG -c -Wall -MMD -mmacosx-version-min=11.0 -O2   -arch arm64 -mmacosx-version-min=11.0 -O2 -DUSE_SDL2 -DGL_SILENCE_DEPRECATION=1 -DQUAKESPASM_VER_SUFFIX='"-oldmac-v1.15.14-perf-test1-dirty"' -DUSE_CODEC_WAVE -DUSE_CODEC_FLAC -DUSE_CODEC_OPUS -DUSE_CODEC_VORBIS  -DUSE_CODEC_MP3 -DUSE_CODEC_XMP -DUSE_CODEC_UMX -I../MacOSX/codecs/include -D_GNU_SOURCE=1 -D_THREAD_SAFE -DSDL_FRAMEWORK -DNO_SDL_CONFIG -F../MacOSX -o snd_mikmod.o snd_mikmod.c
clang  -DNDEBUG -c -Wall -MMD -mmacosx-version-min=11.0 -O2   -arch arm64 -mmacosx-version-min=11.0 -O2 -DUSE_SDL2 -DGL_SILENCE_DEPRECATION=1 -DQUAKESPASM_VER_SUFFIX='"-oldmac-v1.15.14-perf-test1-dirty"' -DUSE_CODEC_WAVE -DUSE_CODEC_FLAC -DUSE_CODEC_OPUS -DUSE_CODEC_VORBIS  -DUSE_CODEC_MP3 -DUSE_CODEC_XMP -DUSE_CODEC_UMX -I../MacOSX/codecs/include -D_GNU_SOURCE=1 -D_THREAD_SAFE -DSDL_FRAMEWORK -DNO_SDL_CONFIG -F../MacOSX -o snd_modplug.o snd_modplug.c
clang  -DNDEBUG -c -Wall -MMD -mmacosx-version-min=11.0 -O2   -arch arm64 -mmacosx-version-min=11.0 -O2 -DUSE_SDL2 -DGL_SILENCE_DEPRECATION=1 -DQUAKESPASM_VER_SUFFIX='"-oldmac-v1.15.14-perf-test1-dirty"' -DUSE_CODEC_WAVE -DUSE_CODEC_FLAC -DUSE_CODEC_OPUS -DUSE_CODEC_VORBIS  -DUSE_CODEC_MP3 -DUSE_CODEC_XMP -DUSE_CODEC_UMX -I../MacOSX/codecs/include -D_GNU_SOURCE=1 -D_THREAD_SAFE -DSDL_FRAMEWORK -DNO_SDL_CONFIG -F../MacOSX -o snd_xmp.o snd_xmp.c
clang  -DNDEBUG -c -Wall -MMD -mmacosx-version-min=11.0 -O2   -arch arm64 -mmacosx-version-min=11.0 -O2 -DUSE_SDL2 -DGL_SILENCE_DEPRECATION=1 -DQUAKESPASM_VER_SUFFIX='"-oldmac-v1.15.14-perf-test1-dirty"' -DUSE_CODEC_WAVE -DUSE_CODEC_FLAC -DUSE_CODEC_OPUS -DUSE_CODEC_VORBIS  -DUSE_CODEC_MP3 -DUSE_CODEC_XMP -DUSE_CODEC_UMX -I../MacOSX/codecs/include -D_GNU_SOURCE=1 -D_THREAD_SAFE -DSDL_FRAMEWORK -DNO_SDL_CONFIG -F../MacOSX -o snd_umx.o snd_umx.c
clang  -DNDEBUG -c -Wall -MMD -mmacosx-version-min=11.0 -O2   -arch arm64 -mmacosx-version-min=11.0 -O2 -DUSE_SDL2 -DGL_SILENCE_DEPRECATION=1 -DQUAKESPASM_VER_SUFFIX='"-oldmac-v1.15.14-perf-test1-dirty"' -DUSE_CODEC_WAVE -DUSE_CODEC_FLAC -DUSE_CODEC_OPUS -DUSE_CODEC_VORBIS  -DUSE_CODEC_MP3 -DUSE_CODEC_XMP -DUSE_CODEC_UMX -I../MacOSX/codecs/include -D_GNU_SOURCE=1 -D_THREAD_SAFE -DSDL_FRAMEWORK -DNO_SDL_CONFIG -F../MacOSX -o snd_sdl.o snd_sdl.c
clang  -DNDEBUG -c -Wall -MMD -mmacosx-version-min=11.0 -O2   -arch arm64 -mmacosx-version-min=11.0 -O2 -DUSE_SDL2 -DGL_SILENCE_DEPRECATION=1 -DQUAKESPASM_VER_SUFFIX='"-oldmac-v1.15.14-perf-test1-dirty"' -DUSE_CODEC_WAVE -DUSE_CODEC_FLAC -DUSE_CODEC_OPUS -DUSE_CODEC_VORBIS  -DUSE_CODEC_MP3 -DUSE_CODEC_XMP -DUSE_CODEC_UMX -I../MacOSX/codecs/include -D_GNU_SOURCE=1 -D_THREAD_SAFE -DSDL_FRAMEWORK -DNO_SDL_CONFIG -F../MacOSX -o cd_sdl.o cd_sdl.c
clang  -DNDEBUG -c -Wall -MMD -mmacosx-version-min=11.0 -O2   -arch arm64 -mmacosx-version-min=11.0 -O2 -DUSE_SDL2 -DGL_SILENCE_DEPRECATION=1 -DQUAKESPASM_VER_SUFFIX='"-oldmac-v1.15.14-perf-test1-dirty"' -DUSE_CODEC_WAVE -DUSE_CODEC_FLAC -DUSE_CODEC_OPUS -DUSE_CODEC_VORBIS  -DUSE_CODEC_MP3 -DUSE_CODEC_XMP -DUSE_CODEC_UMX -I../MacOSX/codecs/include -D_GNU_SOURCE=1 -D_THREAD_SAFE -DSDL_FRAMEWORK -DNO_SDL_CONFIG -F../MacOSX -o net_bsd.o net_bsd.c
clang  -DNDEBUG -c -Wall -MMD -mmacosx-version-min=11.0 -O2   -arch arm64 -mmacosx-version-min=11.0 -O2 -DUSE_SDL2 -DGL_SILENCE_DEPRECATION=1 -DQUAKESPASM_VER_SUFFIX='"-oldmac-v1.15.14-perf-test1-dirty"' -DUSE_CODEC_WAVE -DUSE_CODEC_FLAC -DUSE_CODEC_OPUS -DUSE_CODEC_VORBIS  -DUSE_CODEC_MP3 -DUSE_CODEC_XMP -DUSE_CODEC_UMX -I../MacOSX/codecs/include -D_GNU_SOURCE=1 -D_THREAD_SAFE -DSDL_FRAMEWORK -DNO_SDL_CONFIG -F../MacOSX -o net_udp.o net_udp.c
cd_sdl.c:39:9: warning: Warning: SDL CDAudio support disabled [-W#pragma-messages]
   39 | #pragma message("Warning: SDL CDAudio support disabled")
      |         ^
clang  -DNDEBUG -c -Wall -MMD -mmacosx-version-min=11.0 -O2   -arch arm64 -mmacosx-version-min=11.0 -O2 -DUSE_SDL2 -DGL_SILENCE_DEPRECATION=1 -DQUAKESPASM_VER_SUFFIX='"-oldmac-v1.15.14-perf-test1-dirty"' -DUSE_CODEC_WAVE -DUSE_CODEC_FLAC -DUSE_CODEC_OPUS -DUSE_CODEC_VORBIS  -DUSE_CODEC_MP3 -DUSE_CODEC_XMP -DUSE_CODEC_UMX -I../MacOSX/codecs/include -D_GNU_SOURCE=1 -D_THREAD_SAFE -DSDL_FRAMEWORK -DNO_SDL_CONFIG -F../MacOSX -o net_dgrm.o net_dgrm.c
1 warning generated.
clang  -DNDEBUG -c -Wall -MMD -mmacosx-version-min=11.0 -O2   -arch arm64 -mmacosx-version-min=11.0 -O2 -DUSE_SDL2 -DGL_SILENCE_DEPRECATION=1 -DQUAKESPASM_VER_SUFFIX='"-oldmac-v1.15.14-perf-test1-dirty"' -DUSE_CODEC_WAVE -DUSE_CODEC_FLAC -DUSE_CODEC_OPUS -DUSE_CODEC_VORBIS  -DUSE_CODEC_MP3 -DUSE_CODEC_XMP -DUSE_CODEC_UMX -I../MacOSX/codecs/include -D_GNU_SOURCE=1 -D_THREAD_SAFE -DSDL_FRAMEWORK -DNO_SDL_CONFIG -F../MacOSX -o net_loop.o net_loop.c
clang  -DNDEBUG -c -Wall -MMD -mmacosx-version-min=11.0 -O2   -arch arm64 -mmacosx-version-min=11.0 -O2 -DUSE_SDL2 -DGL_SILENCE_DEPRECATION=1 -DQUAKESPASM_VER_SUFFIX='"-oldmac-v1.15.14-perf-test1-dirty"' -DUSE_CODEC_WAVE -DUSE_CODEC_FLAC -DUSE_CODEC_OPUS -DUSE_CODEC_VORBIS  -DUSE_CODEC_MP3 -DUSE_CODEC_XMP -DUSE_CODEC_UMX -I../MacOSX/codecs/include -D_GNU_SOURCE=1 -D_THREAD_SAFE -DSDL_FRAMEWORK -DNO_SDL_CONFIG -F../MacOSX -o net_main.o net_main.c
net_dgrm.c:1450:35: warning: passing 'const byte[12]' (aka 'const unsigned char[12]') to parameter of type 'byte *' (aka 'unsigned char *') discards qualifiers [-Wincompatible-pointer-types-discards-qualifiers]
 1450 |                         dfunc.Write(dfunc.controlSock, getinfo_pkt, (int)sizeof(getinfo_pkt),
      |                                                        ^~~~~~~~~~~
clang  -DNDEBUG -c -Wall -MMD -mmacosx-version-min=11.0 -O2   -arch arm64 -mmacosx-version-min=11.0 -O2 -DUSE_SDL2 -DGL_SILENCE_DEPRECATION=1 -DQUAKESPASM_VER_SUFFIX='"-oldmac-v1.15.14-perf-test1-dirty"' -DUSE_CODEC_WAVE -DUSE_CODEC_FLAC -DUSE_CODEC_OPUS -DUSE_CODEC_VORBIS  -DUSE_CODEC_MP3 -DUSE_CODEC_XMP -DUSE_CODEC_UMX -I../MacOSX/codecs/include -D_GNU_SOURCE=1 -D_THREAD_SAFE -DSDL_FRAMEWORK -DNO_SDL_CONFIG -F../MacOSX -o chase.o chase.c
clang  -DNDEBUG -c -Wall -MMD -mmacosx-version-min=11.0 -O2   -arch arm64 -mmacosx-version-min=11.0 -O2 -DUSE_SDL2 -DGL_SILENCE_DEPRECATION=1 -DQUAKESPASM_VER_SUFFIX='"-oldmac-v1.15.14-perf-test1-dirty"' -DUSE_CODEC_WAVE -DUSE_CODEC_FLAC -DUSE_CODEC_OPUS -DUSE_CODEC_VORBIS  -DUSE_CODEC_MP3 -DUSE_CODEC_XMP -DUSE_CODEC_UMX -I../MacOSX/codecs/include -D_GNU_SOURCE=1 -D_THREAD_SAFE -DSDL_FRAMEWORK -DNO_SDL_CONFIG -F../MacOSX -o cl_demo.o cl_demo.c
1 warning generated.
clang  -DNDEBUG -c -Wall -MMD -mmacosx-version-min=11.0 -O2   -arch arm64 -mmacosx-version-min=11.0 -O2 -DUSE_SDL2 -DGL_SILENCE_DEPRECATION=1 -DQUAKESPASM_VER_SUFFIX='"-oldmac-v1.15.14-perf-test1-dirty"' -DUSE_CODEC_WAVE -DUSE_CODEC_FLAC -DUSE_CODEC_OPUS -DUSE_CODEC_VORBIS  -DUSE_CODEC_MP3 -DUSE_CODEC_XMP -DUSE_CODEC_UMX -I../MacOSX/codecs/include -D_GNU_SOURCE=1 -D_THREAD_SAFE -DSDL_FRAMEWORK -DNO_SDL_CONFIG -F../MacOSX -o cl_download.o cl_download.c
clang  -DNDEBUG -c -Wall -MMD -mmacosx-version-min=11.0 -O2   -arch arm64 -mmacosx-version-min=11.0 -O2 -DUSE_SDL2 -DGL_SILENCE_DEPRECATION=1 -DQUAKESPASM_VER_SUFFIX='"-oldmac-v1.15.14-perf-test1-dirty"' -DUSE_CODEC_WAVE -DUSE_CODEC_FLAC -DUSE_CODEC_OPUS -DUSE_CODEC_VORBIS  -DUSE_CODEC_MP3 -DUSE_CODEC_XMP -DUSE_CODEC_UMX -I../MacOSX/codecs/include -D_GNU_SOURCE=1 -D_THREAD_SAFE -DSDL_FRAMEWORK -DNO_SDL_CONFIG -F../MacOSX -o cl_input.o cl_input.c
clang  -DNDEBUG -c -Wall -MMD -mmacosx-version-min=11.0 -O2   -arch arm64 -mmacosx-version-min=11.0 -O2 -DUSE_SDL2 -DGL_SILENCE_DEPRECATION=1 -DQUAKESPASM_VER_SUFFIX='"-oldmac-v1.15.14-perf-test1-dirty"' -DUSE_CODEC_WAVE -DUSE_CODEC_FLAC -DUSE_CODEC_OPUS -DUSE_CODEC_VORBIS  -DUSE_CODEC_MP3 -DUSE_CODEC_XMP -DUSE_CODEC_UMX -I../MacOSX/codecs/include -D_GNU_SOURCE=1 -D_THREAD_SAFE -DSDL_FRAMEWORK -DNO_SDL_CONFIG -F../MacOSX -o cl_main.o cl_main.c
clang  -DNDEBUG -c -Wall -MMD -mmacosx-version-min=11.0 -O2   -arch arm64 -mmacosx-version-min=11.0 -O2 -DUSE_SDL2 -DGL_SILENCE_DEPRECATION=1 -DQUAKESPASM_VER_SUFFIX='"-oldmac-v1.15.14-perf-test1-dirty"' -DUSE_CODEC_WAVE -DUSE_CODEC_FLAC -DUSE_CODEC_OPUS -DUSE_CODEC_VORBIS  -DUSE_CODEC_MP3 -DUSE_CODEC_XMP -DUSE_CODEC_UMX -I../MacOSX/codecs/include -D_GNU_SOURCE=1 -D_THREAD_SAFE -DSDL_FRAMEWORK -DNO_SDL_CONFIG -F../MacOSX -o cl_parse.o cl_parse.c
clang  -DNDEBUG -c -Wall -MMD -mmacosx-version-min=11.0 -O2   -arch arm64 -mmacosx-version-min=11.0 -O2 -DUSE_SDL2 -DGL_SILENCE_DEPRECATION=1 -DQUAKESPASM_VER_SUFFIX='"-oldmac-v1.15.14-perf-test1-dirty"' -DUSE_CODEC_WAVE -DUSE_CODEC_FLAC -DUSE_CODEC_OPUS -DUSE_CODEC_VORBIS  -DUSE_CODEC_MP3 -DUSE_CODEC_XMP -DUSE_CODEC_UMX -I../MacOSX/codecs/include -D_GNU_SOURCE=1 -D_THREAD_SAFE -DSDL_FRAMEWORK -DNO_SDL_CONFIG -F../MacOSX -o cl_tent.o cl_tent.c
clang  -DNDEBUG -c -Wall -MMD -mmacosx-version-min=11.0 -O2   -arch arm64 -mmacosx-version-min=11.0 -O2 -DUSE_SDL2 -DGL_SILENCE_DEPRECATION=1 -DQUAKESPASM_VER_SUFFIX='"-oldmac-v1.15.14-perf-test1-dirty"' -DUSE_CODEC_WAVE -DUSE_CODEC_FLAC -DUSE_CODEC_OPUS -DUSE_CODEC_VORBIS  -DUSE_CODEC_MP3 -DUSE_CODEC_XMP -DUSE_CODEC_UMX -I../MacOSX/codecs/include -D_GNU_SOURCE=1 -D_THREAD_SAFE -DSDL_FRAMEWORK -DNO_SDL_CONFIG -F../MacOSX -o cl_watchlink.o cl_watchlink.c
clang  -DNDEBUG -c -Wall -MMD -mmacosx-version-min=11.0 -O2   -arch arm64 -mmacosx-version-min=11.0 -O2 -DUSE_SDL2 -DGL_SILENCE_DEPRECATION=1 -DQUAKESPASM_VER_SUFFIX='"-oldmac-v1.15.14-perf-test1-dirty"' -DUSE_CODEC_WAVE -DUSE_CODEC_FLAC -DUSE_CODEC_OPUS -DUSE_CODEC_VORBIS  -DUSE_CODEC_MP3 -DUSE_CODEC_XMP -DUSE_CODEC_UMX -I../MacOSX/codecs/include -D_GNU_SOURCE=1 -D_THREAD_SAFE -DSDL_FRAMEWORK -DNO_SDL_CONFIG -F../MacOSX -o console.o console.c
clang  -DNDEBUG -c -Wall -MMD -mmacosx-version-min=11.0 -O2   -arch arm64 -mmacosx-version-min=11.0 -O2 -DUSE_SDL2 -DGL_SILENCE_DEPRECATION=1 -DQUAKESPASM_VER_SUFFIX='"-oldmac-v1.15.14-perf-test1-dirty"' -DUSE_CODEC_WAVE -DUSE_CODEC_FLAC -DUSE_CODEC_OPUS -DUSE_CODEC_VORBIS  -DUSE_CODEC_MP3 -DUSE_CODEC_XMP -DUSE_CODEC_UMX -I../MacOSX/codecs/include -D_GNU_SOURCE=1 -D_THREAD_SAFE -DSDL_FRAMEWORK -DNO_SDL_CONFIG -F../MacOSX -o keys.o keys.c
clang  -DNDEBUG -c -Wall -MMD -mmacosx-version-min=11.0 -O2   -arch arm64 -mmacosx-version-min=11.0 -O2 -DUSE_SDL2 -DGL_SILENCE_DEPRECATION=1 -DQUAKESPASM_VER_SUFFIX='"-oldmac-v1.15.14-perf-test1-dirty"' -DUSE_CODEC_WAVE -DUSE_CODEC_FLAC -DUSE_CODEC_OPUS -DUSE_CODEC_VORBIS  -DUSE_CODEC_MP3 -DUSE_CODEC_XMP -DUSE_CODEC_UMX -I../MacOSX/codecs/include -D_GNU_SOURCE=1 -D_THREAD_SAFE -DSDL_FRAMEWORK -DNO_SDL_CONFIG -F../MacOSX -o menu.o menu.c
clang  -DNDEBUG -c -Wall -MMD -mmacosx-version-min=11.0 -O2   -arch arm64 -mmacosx-version-min=11.0 -O2 -DUSE_SDL2 -DGL_SILENCE_DEPRECATION=1 -DQUAKESPASM_VER_SUFFIX='"-oldmac-v1.15.14-perf-test1-dirty"' -DUSE_CODEC_WAVE -DUSE_CODEC_FLAC -DUSE_CODEC_OPUS -DUSE_CODEC_VORBIS  -DUSE_CODEC_MP3 -DUSE_CODEC_XMP -DUSE_CODEC_UMX -I../MacOSX/codecs/include -D_GNU_SOURCE=1 -D_THREAD_SAFE -DSDL_FRAMEWORK -DNO_SDL_CONFIG -F../MacOSX -o sbar.o sbar.c
clang  -DNDEBUG -c -Wall -MMD -mmacosx-version-min=11.0 -O2   -arch arm64 -mmacosx-version-min=11.0 -O2 -DUSE_SDL2 -DGL_SILENCE_DEPRECATION=1 -DQUAKESPASM_VER_SUFFIX='"-oldmac-v1.15.14-perf-test1-dirty"' -DUSE_CODEC_WAVE -DUSE_CODEC_FLAC -DUSE_CODEC_OPUS -DUSE_CODEC_VORBIS  -DUSE_CODEC_MP3 -DUSE_CODEC_XMP -DUSE_CODEC_UMX -I../MacOSX/codecs/include -D_GNU_SOURCE=1 -D_THREAD_SAFE -DSDL_FRAMEWORK -DNO_SDL_CONFIG -F../MacOSX -o view.o view.c
menu.c:1706:16: warning: implicit conversion from 'unsigned long' to 'int' changes value from 18446744073709551576 to -40 [-Wconstant-conversion]
 1706 |         M_Print                 (160-4*(sizeof(msg1)-1), 88, msg1);
      |         ~~~~~~~                  ~~~^~~~~~~~~~~~~~~~~~~
clang  -DNDEBUG -c -Wall -MMD -mmacosx-version-min=11.0 -O2   -arch arm64 -mmacosx-version-min=11.0 -O2 -DUSE_SDL2 -DGL_SILENCE_DEPRECATION=1 -DQUAKESPASM_VER_SUFFIX='"-oldmac-v1.15.14-perf-test1-dirty"' -DUSE_CODEC_WAVE -DUSE_CODEC_FLAC -DUSE_CODEC_OPUS -DUSE_CODEC_VORBIS  -DUSE_CODEC_MP3 -DUSE_CODEC_XMP -DUSE_CODEC_UMX -I../MacOSX/codecs/include -D_GNU_SOURCE=1 -D_THREAD_SAFE -DSDL_FRAMEWORK -DNO_SDL_CONFIG -F../MacOSX -o wad.o wad.c
clang  -DNDEBUG -c -Wall -MMD -mmacosx-version-min=11.0 -O2   -arch arm64 -mmacosx-version-min=11.0 -O2 -DUSE_SDL2 -DGL_SILENCE_DEPRECATION=1 -DQUAKESPASM_VER_SUFFIX='"-oldmac-v1.15.14-perf-test1-dirty"' -DUSE_CODEC_WAVE -DUSE_CODEC_FLAC -DUSE_CODEC_OPUS -DUSE_CODEC_VORBIS  -DUSE_CODEC_MP3 -DUSE_CODEC_XMP -DUSE_CODEC_UMX -I../MacOSX/codecs/include -D_GNU_SOURCE=1 -D_THREAD_SAFE -DSDL_FRAMEWORK -DNO_SDL_CONFIG -F../MacOSX -o cmd.o cmd.c
clang  -DNDEBUG -c -Wall -MMD -mmacosx-version-min=11.0 -O2   -arch arm64 -mmacosx-version-min=11.0 -O2 -DUSE_SDL2 -DGL_SILENCE_DEPRECATION=1 -DQUAKESPASM_VER_SUFFIX='"-oldmac-v1.15.14-perf-test1-dirty"' -DUSE_CODEC_WAVE -DUSE_CODEC_FLAC -DUSE_CODEC_OPUS -DUSE_CODEC_VORBIS  -DUSE_CODEC_MP3 -DUSE_CODEC_XMP -DUSE_CODEC_UMX -I../MacOSX/codecs/include -D_GNU_SOURCE=1 -D_THREAD_SAFE -DSDL_FRAMEWORK -DNO_SDL_CONFIG -F../MacOSX -o common.o common.c
clang  -DNDEBUG -c -Wall -MMD -mmacosx-version-min=11.0 -O2   -arch arm64 -mmacosx-version-min=11.0 -O2 -DUSE_SDL2 -DGL_SILENCE_DEPRECATION=1 -DQUAKESPASM_VER_SUFFIX='"-oldmac-v1.15.14-perf-test1-dirty"' -DUSE_CODEC_WAVE -DUSE_CODEC_FLAC -DUSE_CODEC_OPUS -DUSE_CODEC_VORBIS  -DUSE_CODEC_MP3 -DUSE_CODEC_XMP -DUSE_CODEC_UMX -I../MacOSX/codecs/include -D_GNU_SOURCE=1 -D_THREAD_SAFE -DSDL_FRAMEWORK -DNO_SDL_CONFIG -F../MacOSX -o miniz.o miniz.c
1 warning generated.
clang  -DNDEBUG -c -Wall -MMD -mmacosx-version-min=11.0 -O2   -arch arm64 -mmacosx-version-min=11.0 -O2 -DUSE_SDL2 -DGL_SILENCE_DEPRECATION=1 -DQUAKESPASM_VER_SUFFIX='"-oldmac-v1.15.14-perf-test1-dirty"' -DUSE_CODEC_WAVE -DUSE_CODEC_FLAC -DUSE_CODEC_OPUS -DUSE_CODEC_VORBIS  -DUSE_CODEC_MP3 -DUSE_CODEC_XMP -DUSE_CODEC_UMX -I../MacOSX/codecs/include -D_GNU_SOURCE=1 -D_THREAD_SAFE -DSDL_FRAMEWORK -DNO_SDL_CONFIG -F../MacOSX -o crc.o crc.c
clang  -DNDEBUG -c -Wall -MMD -mmacosx-version-min=11.0 -O2   -arch arm64 -mmacosx-version-min=11.0 -O2 -DUSE_SDL2 -DGL_SILENCE_DEPRECATION=1 -DQUAKESPASM_VER_SUFFIX='"-oldmac-v1.15.14-perf-test1-dirty"' -DUSE_CODEC_WAVE -DUSE_CODEC_FLAC -DUSE_CODEC_OPUS -DUSE_CODEC_VORBIS  -DUSE_CODEC_MP3 -DUSE_CODEC_XMP -DUSE_CODEC_UMX -I../MacOSX/codecs/include -D_GNU_SOURCE=1 -D_THREAD_SAFE -DSDL_FRAMEWORK -DNO_SDL_CONFIG -F../MacOSX -o cvar.o cvar.c
clang  -DNDEBUG -c -Wall -MMD -mmacosx-version-min=11.0 -O2   -arch arm64 -mmacosx-version-min=11.0 -O2 -DUSE_SDL2 -DGL_SILENCE_DEPRECATION=1 -DQUAKESPASM_VER_SUFFIX='"-oldmac-v1.15.14-perf-test1-dirty"' -DUSE_CODEC_WAVE -DUSE_CODEC_FLAC -DUSE_CODEC_OPUS -DUSE_CODEC_VORBIS  -DUSE_CODEC_MP3 -DUSE_CODEC_XMP -DUSE_CODEC_UMX -I../MacOSX/codecs/include -D_GNU_SOURCE=1 -D_THREAD_SAFE -DSDL_FRAMEWORK -DNO_SDL_CONFIG -F../MacOSX -o cfgfile.o cfgfile.c
clang  -DNDEBUG -c -Wall -MMD -mmacosx-version-min=11.0 -O2   -arch arm64 -mmacosx-version-min=11.0 -O2 -DUSE_SDL2 -DGL_SILENCE_DEPRECATION=1 -DQUAKESPASM_VER_SUFFIX='"-oldmac-v1.15.14-perf-test1-dirty"' -DUSE_CODEC_WAVE -DUSE_CODEC_FLAC -DUSE_CODEC_OPUS -DUSE_CODEC_VORBIS  -DUSE_CODEC_MP3 -DUSE_CODEC_XMP -DUSE_CODEC_UMX -I../MacOSX/codecs/include -D_GNU_SOURCE=1 -D_THREAD_SAFE -DSDL_FRAMEWORK -DNO_SDL_CONFIG -F../MacOSX -o host.o host.c
clang  -DNDEBUG -c -Wall -MMD -mmacosx-version-min=11.0 -O2   -arch arm64 -mmacosx-version-min=11.0 -O2 -DUSE_SDL2 -DGL_SILENCE_DEPRECATION=1 -DQUAKESPASM_VER_SUFFIX='"-oldmac-v1.15.14-perf-test1-dirty"' -DUSE_CODEC_WAVE -DUSE_CODEC_FLAC -DUSE_CODEC_OPUS -DUSE_CODEC_VORBIS  -DUSE_CODEC_MP3 -DUSE_CODEC_XMP -DUSE_CODEC_UMX -I../MacOSX/codecs/include -D_GNU_SOURCE=1 -D_THREAD_SAFE -DSDL_FRAMEWORK -DNO_SDL_CONFIG -F../MacOSX -o host_cmd.o host_cmd.c
clang  -DNDEBUG -c -Wall -MMD -mmacosx-version-min=11.0 -O2   -arch arm64 -mmacosx-version-min=11.0 -O2 -DUSE_SDL2 -DGL_SILENCE_DEPRECATION=1 -DQUAKESPASM_VER_SUFFIX='"-oldmac-v1.15.14-perf-test1-dirty"' -DUSE_CODEC_WAVE -DUSE_CODEC_FLAC -DUSE_CODEC_OPUS -DUSE_CODEC_VORBIS  -DUSE_CODEC_MP3 -DUSE_CODEC_XMP -DUSE_CODEC_UMX -I../MacOSX/codecs/include -D_GNU_SOURCE=1 -D_THREAD_SAFE -DSDL_FRAMEWORK -DNO_SDL_CONFIG -F../MacOSX -o mathlib.o mathlib.c
clang  -DNDEBUG -c -Wall -MMD -mmacosx-version-min=11.0 -O2   -arch arm64 -mmacosx-version-min=11.0 -O2 -DUSE_SDL2 -DGL_SILENCE_DEPRECATION=1 -DQUAKESPASM_VER_SUFFIX='"-oldmac-v1.15.14-perf-test1-dirty"' -DUSE_CODEC_WAVE -DUSE_CODEC_FLAC -DUSE_CODEC_OPUS -DUSE_CODEC_VORBIS  -DUSE_CODEC_MP3 -DUSE_CODEC_XMP -DUSE_CODEC_UMX -I../MacOSX/codecs/include -D_GNU_SOURCE=1 -D_THREAD_SAFE -DSDL_FRAMEWORK -DNO_SDL_CONFIG -F../MacOSX -o pr_cmds.o pr_cmds.c
clang  -DNDEBUG -c -Wall -MMD -mmacosx-version-min=11.0 -O2   -arch arm64 -mmacosx-version-min=11.0 -O2 -DUSE_SDL2 -DGL_SILENCE_DEPRECATION=1 -DQUAKESPASM_VER_SUFFIX='"-oldmac-v1.15.14-perf-test1-dirty"' -DUSE_CODEC_WAVE -DUSE_CODEC_FLAC -DUSE_CODEC_OPUS -DUSE_CODEC_VORBIS  -DUSE_CODEC_MP3 -DUSE_CODEC_XMP -DUSE_CODEC_UMX -I../MacOSX/codecs/include -D_GNU_SOURCE=1 -D_THREAD_SAFE -DSDL_FRAMEWORK -DNO_SDL_CONFIG -F../MacOSX -o pr_edict.o pr_edict.c
clang  -DNDEBUG -c -Wall -MMD -mmacosx-version-min=11.0 -O2   -arch arm64 -mmacosx-version-min=11.0 -O2 -DUSE_SDL2 -DGL_SILENCE_DEPRECATION=1 -DQUAKESPASM_VER_SUFFIX='"-oldmac-v1.15.14-perf-test1-dirty"' -DUSE_CODEC_WAVE -DUSE_CODEC_FLAC -DUSE_CODEC_OPUS -DUSE_CODEC_VORBIS  -DUSE_CODEC_MP3 -DUSE_CODEC_XMP -DUSE_CODEC_UMX -I../MacOSX/codecs/include -D_GNU_SOURCE=1 -D_THREAD_SAFE -DSDL_FRAMEWORK -DNO_SDL_CONFIG -F../MacOSX -o pr_exec.o pr_exec.c
clang  -DNDEBUG -c -Wall -MMD -mmacosx-version-min=11.0 -O2   -arch arm64 -mmacosx-version-min=11.0 -O2 -DUSE_SDL2 -DGL_SILENCE_DEPRECATION=1 -DQUAKESPASM_VER_SUFFIX='"-oldmac-v1.15.14-perf-test1-dirty"' -DUSE_CODEC_WAVE -DUSE_CODEC_FLAC -DUSE_CODEC_OPUS -DUSE_CODEC_VORBIS  -DUSE_CODEC_MP3 -DUSE_CODEC_XMP -DUSE_CODEC_UMX -I../MacOSX/codecs/include -D_GNU_SOURCE=1 -D_THREAD_SAFE -DSDL_FRAMEWORK -DNO_SDL_CONFIG -F../MacOSX -o sv_main.o sv_main.c
clang  -DNDEBUG -c -Wall -MMD -mmacosx-version-min=11.0 -O2   -arch arm64 -mmacosx-version-min=11.0 -O2 -DUSE_SDL2 -DGL_SILENCE_DEPRECATION=1 -DQUAKESPASM_VER_SUFFIX='"-oldmac-v1.15.14-perf-test1-dirty"' -DUSE_CODEC_WAVE -DUSE_CODEC_FLAC -DUSE_CODEC_OPUS -DUSE_CODEC_VORBIS  -DUSE_CODEC_MP3 -DUSE_CODEC_XMP -DUSE_CODEC_UMX -I../MacOSX/codecs/include -D_GNU_SOURCE=1 -D_THREAD_SAFE -DSDL_FRAMEWORK -DNO_SDL_CONFIG -F../MacOSX -o sv_move.o sv_move.c
clang  -DNDEBUG -c -Wall -MMD -mmacosx-version-min=11.0 -O2   -arch arm64 -mmacosx-version-min=11.0 -O2 -DUSE_SDL2 -DGL_SILENCE_DEPRECATION=1 -DQUAKESPASM_VER_SUFFIX='"-oldmac-v1.15.14-perf-test1-dirty"' -DUSE_CODEC_WAVE -DUSE_CODEC_FLAC -DUSE_CODEC_OPUS -DUSE_CODEC_VORBIS  -DUSE_CODEC_MP3 -DUSE_CODEC_XMP -DUSE_CODEC_UMX -I../MacOSX/codecs/include -D_GNU_SOURCE=1 -D_THREAD_SAFE -DSDL_FRAMEWORK -DNO_SDL_CONFIG -F../MacOSX -o sv_phys.o sv_phys.c
clang  -DNDEBUG -c -Wall -MMD -mmacosx-version-min=11.0 -O2   -arch arm64 -mmacosx-version-min=11.0 -O2 -DUSE_SDL2 -DGL_SILENCE_DEPRECATION=1 -DQUAKESPASM_VER_SUFFIX='"-oldmac-v1.15.14-perf-test1-dirty"' -DUSE_CODEC_WAVE -DUSE_CODEC_FLAC -DUSE_CODEC_OPUS -DUSE_CODEC_VORBIS  -DUSE_CODEC_MP3 -DUSE_CODEC_XMP -DUSE_CODEC_UMX -I../MacOSX/codecs/include -D_GNU_SOURCE=1 -D_THREAD_SAFE -DSDL_FRAMEWORK -DNO_SDL_CONFIG -F../MacOSX -o sv_user.o sv_user.c
clang  -DNDEBUG -c -Wall -MMD -mmacosx-version-min=11.0 -O2   -arch arm64 -mmacosx-version-min=11.0 -O2 -DUSE_SDL2 -DGL_SILENCE_DEPRECATION=1 -DQUAKESPASM_VER_SUFFIX='"-oldmac-v1.15.14-perf-test1-dirty"' -DUSE_CODEC_WAVE -DUSE_CODEC_FLAC -DUSE_CODEC_OPUS -DUSE_CODEC_VORBIS  -DUSE_CODEC_MP3 -DUSE_CODEC_XMP -DUSE_CODEC_UMX -I../MacOSX/codecs/include -D_GNU_SOURCE=1 -D_THREAD_SAFE -DSDL_FRAMEWORK -DNO_SDL_CONFIG -F../MacOSX -o world.o world.c
clang  -DNDEBUG -c -Wall -MMD -mmacosx-version-min=11.0 -O2   -arch arm64 -mmacosx-version-min=11.0 -O2 -DUSE_SDL2 -DGL_SILENCE_DEPRECATION=1 -DQUAKESPASM_VER_SUFFIX='"-oldmac-v1.15.14-perf-test1-dirty"' -DUSE_CODEC_WAVE -DUSE_CODEC_FLAC -DUSE_CODEC_OPUS -DUSE_CODEC_VORBIS  -DUSE_CODEC_MP3 -DUSE_CODEC_XMP -DUSE_CODEC_UMX -I../MacOSX/codecs/include -D_GNU_SOURCE=1 -D_THREAD_SAFE -DSDL_FRAMEWORK -DNO_SDL_CONFIG -F../MacOSX -o zone.o zone.c
clang  -DNDEBUG -c -Wall -MMD -mmacosx-version-min=11.0 -O2   -arch arm64 -mmacosx-version-min=11.0 -O2 -DUSE_SDL2 -DGL_SILENCE_DEPRECATION=1 -DQUAKESPASM_VER_SUFFIX='"-oldmac-v1.15.14-perf-test1-dirty"' -DUSE_CODEC_WAVE -DUSE_CODEC_FLAC -DUSE_CODEC_OPUS -DUSE_CODEC_VORBIS  -DUSE_CODEC_MP3 -DUSE_CODEC_XMP -DUSE_CODEC_UMX -I../MacOSX/codecs/include  -D_GNU_SOURCE=1 -D_THREAD_SAFE -DSDL_FRAMEWORK -DNO_SDL_CONFIG -F../MacOSX -o pl_osx.o pl_osx.m
clang  -DNDEBUG -c -Wall -MMD -mmacosx-version-min=11.0 -O2   -arch arm64 -mmacosx-version-min=11.0 -O2 -DUSE_SDL2 -DGL_SILENCE_DEPRECATION=1 -DQUAKESPASM_VER_SUFFIX='"-oldmac-v1.15.14-perf-test1-dirty"' -DUSE_CODEC_WAVE -DUSE_CODEC_FLAC -DUSE_CODEC_OPUS -DUSE_CODEC_VORBIS  -DUSE_CODEC_MP3 -DUSE_CODEC_XMP -DUSE_CODEC_UMX -I../MacOSX/codecs/include -D_GNU_SOURCE=1 -D_THREAD_SAFE -DSDL_FRAMEWORK -DNO_SDL_CONFIG -F../MacOSX -o sys_sdl_unix.o sys_sdl_unix.c
zone.c:338:7: warning: variable 'count' set but not used [-Wunused-but-set-variable]
  338 |         int             count, sum;
      |                         ^
clang  -DNDEBUG -c -I../MacOSX -Wall -MMD -mmacosx-version-min=11.0 -O2   -arch arm64 -mmacosx-version-min=11.0 -O2 -DUSE_SDL2 -DGL_SILENCE_DEPRECATION=1 -DQUAKESPASM_VER_SUFFIX='"-oldmac-v1.15.14-perf-test1-dirty"' -DUSE_CODEC_WAVE -DUSE_CODEC_FLAC -DUSE_CODEC_OPUS -DUSE_CODEC_VORBIS  -DUSE_CODEC_MP3 -DUSE_CODEC_XMP -DUSE_CODEC_UMX -I../MacOSX/codecs/include  -D_GNU_SOURCE=1 -D_THREAD_SAFE -DSDL_FRAMEWORK -DNO_SDL_CONFIG -F../MacOSX -o AppController.o ../MacOSX/AppController.m
1 warning generated.
clang  -DNDEBUG -c -I../MacOSX -Wall -MMD -mmacosx-version-min=11.0 -O2   -arch arm64 -mmacosx-version-min=11.0 -O2 -DUSE_SDL2 -DGL_SILENCE_DEPRECATION=1 -DQUAKESPASM_VER_SUFFIX='"-oldmac-v1.15.14-perf-test1-dirty"' -DUSE_CODEC_WAVE -DUSE_CODEC_FLAC -DUSE_CODEC_OPUS -DUSE_CODEC_VORBIS  -DUSE_CODEC_MP3 -DUSE_CODEC_XMP -DUSE_CODEC_UMX -I../MacOSX/codecs/include  -D_GNU_SOURCE=1 -D_THREAD_SAFE -DSDL_FRAMEWORK -DNO_SDL_CONFIG -F../MacOSX -o QuakeArgument.o ../MacOSX/QuakeArgument.m
clang  -DNDEBUG -c -I../MacOSX -Wall -MMD -mmacosx-version-min=11.0 -O2   -arch arm64 -mmacosx-version-min=11.0 -O2 -DUSE_SDL2 -DGL_SILENCE_DEPRECATION=1 -DQUAKESPASM_VER_SUFFIX='"-oldmac-v1.15.14-perf-test1-dirty"' -DUSE_CODEC_WAVE -DUSE_CODEC_FLAC -DUSE_CODEC_OPUS -DUSE_CODEC_VORBIS  -DUSE_CODEC_MP3 -DUSE_CODEC_XMP -DUSE_CODEC_UMX -I../MacOSX/codecs/include  -D_GNU_SOURCE=1 -D_THREAD_SAFE -DSDL_FRAMEWORK -DNO_SDL_CONFIG -F../MacOSX -o QuakeArguments.o ../MacOSX/QuakeArguments.m
clang  -DNDEBUG -c -I../MacOSX -Wall -MMD -mmacosx-version-min=11.0 -O2   -arch arm64 -mmacosx-version-min=11.0 -O2 -DUSE_SDL2 -DGL_SILENCE_DEPRECATION=1 -DQUAKESPASM_VER_SUFFIX='"-oldmac-v1.15.14-perf-test1-dirty"' -DUSE_CODEC_WAVE -DUSE_CODEC_FLAC -DUSE_CODEC_OPUS -DUSE_CODEC_VORBIS  -DUSE_CODEC_MP3 -DUSE_CODEC_XMP -DUSE_CODEC_UMX -I../MacOSX/codecs/include  -D_GNU_SOURCE=1 -D_THREAD_SAFE -DSDL_FRAMEWORK -DNO_SDL_CONFIG -F../MacOSX -o ScreenInfo.o ../MacOSX/ScreenInfo.m
clang  -DNDEBUG -c -I../MacOSX -Wall -MMD -mmacosx-version-min=11.0 -O2   -arch arm64 -mmacosx-version-min=11.0 -O2 -DUSE_SDL2 -DGL_SILENCE_DEPRECATION=1 -DQUAKESPASM_VER_SUFFIX='"-oldmac-v1.15.14-perf-test1-dirty"' -DUSE_CODEC_WAVE -DUSE_CODEC_FLAC -DUSE_CODEC_OPUS -DUSE_CODEC_VORBIS  -DUSE_CODEC_MP3 -DUSE_CODEC_XMP -DUSE_CODEC_UMX -I../MacOSX/codecs/include  -D_GNU_SOURCE=1 -D_THREAD_SAFE -DSDL_FRAMEWORK -DNO_SDL_CONFIG -F../MacOSX -o SDLApplication.o ../MacOSX/SDLApplication.m
clang  -DNDEBUG -c -Wall -MMD -mmacosx-version-min=11.0 -O2   -arch arm64 -mmacosx-version-min=11.0 -O2 -DUSE_SDL2 -DGL_SILENCE_DEPRECATION=1 -DQUAKESPASM_VER_SUFFIX='"-oldmac-v1.15.14-perf-test1-dirty"' -DUSE_CODEC_WAVE -DUSE_CODEC_FLAC -DUSE_CODEC_OPUS -DUSE_CODEC_VORBIS  -DUSE_CODEC_MP3 -DUSE_CODEC_XMP -DUSE_CODEC_UMX -I../MacOSX/codecs/include -D_GNU_SOURCE=1 -D_THREAD_SAFE -DSDL_FRAMEWORK -DNO_SDL_CONFIG -F../MacOSX -o main_sdl.o main_sdl.c
clang  -DNDEBUG -c -I../MacOSX -Wall -MMD -mmacosx-version-min=11.0 -O2   -arch arm64 -mmacosx-version-min=11.0 -O2 -DUSE_SDL2 -DGL_SILENCE_DEPRECATION=1 -DQUAKESPASM_VER_SUFFIX='"-oldmac-v1.15.14-perf-test1-dirty"' -DUSE_CODEC_WAVE -DUSE_CODEC_FLAC -DUSE_CODEC_OPUS -DUSE_CODEC_VORBIS  -DUSE_CODEC_MP3 -DUSE_CODEC_XMP -DUSE_CODEC_UMX -I../MacOSX/codecs/include  -D_GNU_SOURCE=1 -D_THREAD_SAFE -DSDL_FRAMEWORK -DNO_SDL_CONFIG -F../MacOSX -o SDLMain.o ../MacOSX/SDLMain.m
../MacOSX/AppController.m:557:51: warning: 'NSLeftTextAlignment' is deprecated: first deprecated in macOS 10.12 [-Wdeprecated-declarations]
  557 |         frame:NSMakeRect(boxX, y, boxW, 18) align:NSLeftTextAlignment]];
      |                                                   ^~~~~~~~~~~~~~~~~~~
      |                                                   NSTextAlignmentLeft
/Applications/Xcode.app/Contents/Developer/Platforms/MacOSX.platform/Developer/SDKs/MacOSX.sdk/System/Library/Frameworks/AppKit.framework/Headers/NSText.h:215:30: note: 'NSLeftTextAlignment' has been explicitly marked deprecated here
  215 | static const NSTextAlignment NSLeftTextAlignment API_DEPRECATED_WITH_REPLACEMENT("NSTextAlignmentLeft", macos(10.0,10.12))  = NSTextAlignmentLeft;
      |                              ^
../MacOSX/AppController.m:573:104: warning: 'NSLeftTextAlignment' is deprecated: first deprecated in macOS 10.12 [-Wdeprecated-declarations]
  573 |         [doc addSubview:[self sgMakeLabel:@"Resolution" frame:NSMakeRect(boxX+16, r0+3, 170, 18) align:NSLeftTextAlignment]];
      |                                                                                                        ^~~~~~~~~~~~~~~~~~~
      |                                                                                                        NSTextAlignmentLeft
/Applications/Xcode.app/Contents/Developer/Platforms/MacOSX.platform/Developer/SDKs/MacOSX.sdk/System/Library/Frameworks/AppKit.framework/Headers/NSText.h:215:30: note: 'NSLeftTextAlignment' has been explicitly marked deprecated here
  215 | static const NSTextAlignment NSLeftTextAlignment API_DEPRECATED_WITH_REPLACEMENT("NSTextAlignmentLeft", macos(10.0,10.12))  = NSTextAlignmentLeft;
      |                              ^
../MacOSX/AppController.m:581:42: warning: 'NSSwitchButton' is deprecated: first deprecated in macOS 10.14 [-Wdeprecated-declarations]
  581 |         [sgFullscreenCheck setButtonType:NSSwitchButton];
      |                                          ^~~~~~~~~~~~~~
      |                                          NSButtonTypeSwitch
/Applications/Xcode.app/Contents/Developer/Platforms/MacOSX.platform/Developer/SDKs/MacOSX.sdk/System/Library/Frameworks/AppKit.framework/Headers/NSButtonCell.h:143:27: note: 'NSSwitchButton' has been explicitly marked deprecated here
  143 | static const NSButtonType NSSwitchButton API_DEPRECATED_WITH_REPLACEMENT("NSButtonTypeSwitch", macos(10.0,10.14)) = NSButtonTypeSwitch;
      |                           ^
../MacOSX/AppController.m:584:37: warning: 'NSOnState' is deprecated: first deprecated in macOS 10.14 [-Wdeprecated-declarations]
  584 |         [sgFullscreenCheck setState:NSOnState];
      |                                     ^~~~~~~~~
      |                                     NSControlStateValueOn
/Applications/Xcode.app/Contents/Developer/Platforms/MacOSX.platform/Developer/SDKs/MacOSX.sdk/System/Library/Frameworks/AppKit.framework/Headers/NSCell.h:355:34: note: 'NSOnState' has been explicitly marked deprecated here
  355 | static const NSControlStateValue NSOnState API_DEPRECATED_WITH_REPLACEMENT("NSControlStateValueOn", macos(10.0,10.14)) = NSControlStateValueOn;
      |                                  ^
../MacOSX/AppController.m:625:34: warning: 'NSSwitchButton' is deprecated: first deprecated in macOS 10.14 [-Wdeprecated-declarations]
  625 |                 [b setButtonType:NSSwitchButton];
      |                                  ^~~~~~~~~~~~~~
      |                                  NSButtonTypeSwitch
/Applications/Xcode.app/Contents/Developer/Platforms/MacOSX.platform/Developer/SDKs/MacOSX.sdk/System/Library/Frameworks/AppKit.framework/Headers/NSButtonCell.h:143:27: note: 'NSSwitchButton' has been explicitly marked deprecated here
  143 | static const NSButtonType NSSwitchButton API_DEPRECATED_WITH_REPLACEMENT("NSButtonTypeSwitch", macos(10.0,10.14)) = NSButtonTypeSwitch;
      |                           ^
../MacOSX/AppController.m:630:35: warning: 'NSOnState' is deprecated: first deprecated in macOS 10.14 [-Wdeprecated-declarations]
  630 |                 [b setState: on ? NSOnState : NSOffState];
      |                                   ^~~~~~~~~
      |                                   NSControlStateValueOn
/Applications/Xcode.app/Contents/Developer/Platforms/MacOSX.platform/Developer/SDKs/MacOSX.sdk/System/Library/Frameworks/AppKit.framework/Headers/NSCell.h:355:34: note: 'NSOnState' has been explicitly marked deprecated here
  355 | static const NSControlStateValue NSOnState API_DEPRECATED_WITH_REPLACEMENT("NSControlStateValueOn", macos(10.0,10.14)) = NSControlStateValueOn;
      |                                  ^
../MacOSX/AppController.m:630:47: warning: 'NSOffState' is deprecated: first deprecated in macOS 10.14 [-Wdeprecated-declarations]
  630 |                 [b setState: on ? NSOnState : NSOffState];
      |                                               ^~~~~~~~~~
      |                                               NSControlStateValueOff
/Applications/Xcode.app/Contents/Developer/Platforms/MacOSX.platform/Developer/SDKs/MacOSX.sdk/System/Library/Frameworks/AppKit.framework/Headers/NSCell.h:354:34: note: 'NSOffState' has been explicitly marked deprecated here
  354 | static const NSControlStateValue NSOffState API_DEPRECATED_WITH_REPLACEMENT("NSControlStateValueOff", macos(10.0,10.14)) = NSControlStateValueOff;
      |                                  ^
../MacOSX/AppController.m:656:90: warning: 'NSRightTextAlignment' is deprecated: first deprecated in macOS 10.12 [-Wdeprecated-declarations]
  656 |                 ro = [self sgMakeLabel:rs frame:NSMakeRect(boxX+438, ry+1, 60, 18) align:NSRightTextAlignment];
      |                                                                                          ^~~~~~~~~~~~~~~~~~~~
      |                                                                                          NSTextAlignmentRight
/Applications/Xcode.app/Contents/Developer/Platforms/MacOSX.platform/Developer/SDKs/MacOSX.sdk/System/Library/Frameworks/AppKit.framework/Headers/NSText.h:216:30: note: 'NSRightTextAlignment' has been explicitly marked deprecated here
  216 | static const NSTextAlignment NSRightTextAlignment API_DEPRECATED_WITH_REPLACEMENT("NSTextAlignmentRight", macos(10.0,10.12))  = NSTextAlignmentRight;
      |                              ^
../MacOSX/AppController.m:657:102: warning: 'NSLeftTextAlignment' is deprecated: first deprecated in macOS 10.12 [-Wdeprecated-declarations]
  657 |                 [doc addSubview:[self sgMakeLabel:lab frame:NSMakeRect(boxX+16, ry+1, 176, 18) align:NSLeftTextAlignment]];
      |                                                                                                      ^~~~~~~~~~~~~~~~~~~
      |                                                                                                      NSTextAlignmentLeft
/Applications/Xcode.app/Contents/Developer/Platforms/MacOSX.platform/Developer/SDKs/MacOSX.sdk/System/Library/Frameworks/AppKit.framework/Headers/NSText.h:215:30: note: 'NSLeftTextAlignment' has been explicitly marked deprecated here
  215 | static const NSTextAlignment NSLeftTextAlignment API_DEPRECATED_WITH_REPLACEMENT("NSTextAlignmentLeft", macos(10.0,10.12))  = NSTextAlignmentLeft;
      |                              ^
../MacOSX/AppController.m:687:102: warning: 'NSLeftTextAlignment' is deprecated: first deprecated in macOS 10.12 [-Wdeprecated-declarations]
  687 |                 [doc addSubview:[self sgMakeLabel:lab frame:NSMakeRect(boxX+16, ry+3, 176, 18) align:NSLeftTextAlignment]];
      |                                                                                                      ^~~~~~~~~~~~~~~~~~~
      |                                                                                                      NSTextAlignmentLeft
/Applications/Xcode.app/Contents/Developer/Platforms/MacOSX.platform/Developer/SDKs/MacOSX.sdk/System/Library/Frameworks/AppKit.framework/Headers/NSText.h:215:30: note: 'NSLeftTextAlignment' has been explicitly marked deprecated here
  215 | static const NSTextAlignment NSLeftTextAlignment API_DEPRECATED_WITH_REPLACEMENT("NSTextAlignmentLeft", macos(10.0,10.12))  = NSTextAlignmentLeft;
      |                              ^
../MacOSX/AppController.m:714:112: warning: 'NSLeftTextAlignment' is deprecated: first deprecated in macOS 10.12 [-Wdeprecated-declarations]
  714 |         [doc addSubview:[self sgMakeLabel:@"Extra command line" frame:NSMakeRect(boxX+16, r0+3, 170, 18) align:NSLeftTextAlignment]];
      |                                                                                                                ^~~~~~~~~~~~~~~~~~~
      |                                                                                                                NSTextAlignmentLeft
/Applications/Xcode.app/Contents/Developer/Platforms/MacOSX.platform/Developer/SDKs/MacOSX.sdk/System/Library/Frameworks/AppKit.framework/Headers/NSText.h:215:30: note: 'NSLeftTextAlignment' has been explicitly marked deprecated here
  215 | static const NSTextAlignment NSLeftTextAlignment API_DEPRECATED_WITH_REPLACEMENT("NSTextAlignmentLeft", macos(10.0,10.12))  = NSTextAlignmentLeft;
      |                              ^
../MacOSX/AppController.m:744:20: warning: 'NSTitledWindowMask' is deprecated: first deprecated in macOS 10.12 [-Wdeprecated-declarations]
  744 |         styleMask:(NSTitledWindowMask | NSClosableWindowMask | NSMiniaturizableWindowMask)
      |                    ^~~~~~~~~~~~~~~~~~
      |                    NSWindowStyleMaskTitled
/Applications/Xcode.app/Contents/Developer/Platforms/MacOSX.platform/Developer/SDKs/MacOSX.sdk/System/Library/Frameworks/AppKit.framework/Headers/NSWindow.h:1046:32: note: 'NSTitledWindowMask' has been explicitly marked deprecated here
 1046 | static const NSWindowStyleMask NSTitledWindowMask API_DEPRECATED_WITH_REPLACEMENT("NSWindowStyleMaskTitled", macos(10.0,10.12)) = NSWindowStyleMaskTitled;
      |                                ^
../MacOSX/AppController.m:744:41: warning: 'NSClosableWindowMask' is deprecated: first deprecated in macOS 10.12 [-Wdeprecated-declarations]
  744 |         styleMask:(NSTitledWindowMask | NSClosableWindowMask | NSMiniaturizableWindowMask)
      |                                         ^~~~~~~~~~~~~~~~~~~~
      |                                         NSWindowStyleMaskClosable
/Applications/Xcode.app/Contents/Developer/Platforms/MacOSX.platform/Developer/SDKs/MacOSX.sdk/System/Library/Frameworks/AppKit.framework/Headers/NSWindow.h:1047:32: note: 'NSClosableWindowMask' has been explicitly marked deprecated here
 1047 | static const NSWindowStyleMask NSClosableWindowMask API_DEPRECATED_WITH_REPLACEMENT("NSWindowStyleMaskClosable", macos(10.0,10.12)) = NSWindowStyleMaskClosable;
      |                                ^
../MacOSX/AppController.m:744:64: warning: 'NSMiniaturizableWindowMask' is deprecated: first deprecated in macOS 10.12 [-Wdeprecated-declarations]
  744 |         styleMask:(NSTitledWindowMask | NSClosableWindowMask | NSMiniaturizableWindowMask)
      |                                                                ^~~~~~~~~~~~~~~~~~~~~~~~~~
      |                                                                NSWindowStyleMaskMiniaturizable
/Applications/Xcode.app/Contents/Developer/Platforms/MacOSX.platform/Developer/SDKs/MacOSX.sdk/System/Library/Frameworks/AppKit.framework/Headers/NSWindow.h:1048:32: note: 'NSMiniaturizableWindowMask' has been explicitly marked deprecated here
 1048 | static const NSWindowStyleMask NSMiniaturizableWindowMask API_DEPRECATED_WITH_REPLACEMENT("NSWindowStyleMaskMiniaturizable", macos(10.0,10.12)) = NSWindowStyleMaskMiniaturizable;
      |                                ^
../MacOSX/AppController.m:765:25: warning: 'NSRoundedBezelStyle' is deprecated: first deprecated in macOS 10.14 [-Wdeprecated-declarations]
  765 |     [quit setBezelStyle:NSRoundedBezelStyle];
      |                         ^~~~~~~~~~~~~~~~~~~
      |                         NSBezelStylePush
/Applications/Xcode.app/Contents/Developer/Platforms/MacOSX.platform/Developer/SDKs/MacOSX.sdk/System/Library/Frameworks/AppKit.framework/Headers/NSButtonCell.h:155:27: note: 'NSRoundedBezelStyle' has been explicitly marked deprecated here
  155 | static const NSBezelStyle NSRoundedBezelStyle API_DEPRECATED_WITH_REPLACEMENT("NSBezelStylePush", macos(10.0,10.14)) = NSBezelStylePush;
      |                           ^
../MacOSX/AppController.m:773:26: warning: 'NSRoundedBezelStyle' is deprecated: first deprecated in macOS 10.14 [-Wdeprecated-declarations]
  773 |     [bench setBezelStyle:NSRoundedBezelStyle];
      |                          ^~~~~~~~~~~~~~~~~~~
      |                          NSBezelStylePush
/Applications/Xcode.app/Contents/Developer/Platforms/MacOSX.platform/Developer/SDKs/MacOSX.sdk/System/Library/Frameworks/AppKit.framework/Headers/NSButtonCell.h:155:27: note: 'NSRoundedBezelStyle' has been explicitly marked deprecated here
  155 | static const NSBezelStyle NSRoundedBezelStyle API_DEPRECATED_WITH_REPLACEMENT("NSBezelStylePush", macos(10.0,10.14)) = NSBezelStylePush;
      |                           ^
../MacOSX/AppController.m:782:25: warning: 'NSRoundedBezelStyle' is deprecated: first deprecated in macOS 10.14 [-Wdeprecated-declarations]
  782 |     [play setBezelStyle:NSRoundedBezelStyle];
      |                         ^~~~~~~~~~~~~~~~~~~
      |                         NSBezelStylePush
/Applications/Xcode.app/Contents/Developer/Platforms/MacOSX.platform/Developer/SDKs/MacOSX.sdk/System/Library/Frameworks/AppKit.framework/Headers/NSButtonCell.h:155:27: note: 'NSRoundedBezelStyle' has been explicitly marked deprecated here
  155 | static const NSBezelStyle NSRoundedBezelStyle API_DEPRECATED_WITH_REPLACEMENT("NSBezelStylePush", macos(10.0,10.14)) = NSBezelStylePush;
      |                           ^
../MacOSX/AppController.m:830:38: warning: 'NSOnState' is deprecated: first deprecated in macOS 10.14 [-Wdeprecated-declarations]
  830 |     if ([sgFullscreenCheck state] == NSOnState)
      |                                      ^~~~~~~~~
      |                                      NSControlStateValueOn
/Applications/Xcode.app/Contents/Developer/Platforms/MacOSX.platform/Developer/SDKs/MacOSX.sdk/System/Library/Frameworks/AppKit.framework/Headers/NSCell.h:355:34: note: 'NSOnState' has been explicitly marked deprecated here
  355 | static const NSControlStateValue NSOnState API_DEPRECATED_WITH_REPLACEMENT("NSControlStateValueOn", macos(10.0,10.14)) = NSControlStateValueOn;
      |                                  ^
../MacOSX/AppController.m:849:35: warning: 'NSOnState' is deprecated: first deprecated in macOS 10.14 [-Wdeprecated-declarations]
  849 |             cur = ([ctl state] == NSOnState) ? @"1" : @"0";
      |                                   ^~~~~~~~~
      |                                   NSControlStateValueOn
/Applications/Xcode.app/Contents/Developer/Platforms/MacOSX.platform/Developer/SDKs/MacOSX.sdk/System/Library/Frameworks/AppKit.framework/Headers/NSCell.h:355:34: note: 'NSOnState' has been explicitly marked deprecated here
  355 | static const NSControlStateValue NSOnState API_DEPRECATED_WITH_REPLACEMENT("NSControlStateValueOn", macos(10.0,10.14)) = NSControlStateValueOn;
      |                                  ^
19 warnings generated.
clang strlcat.o strlcpy.o gl_refrag.o gl_rlight.o gl_rmain.o gl_fog.o gl_emissive.o gl_rmisc.o r_part.o r_decals.o r_world.o gl_screen.o gl_sky.o gl_warp.o gl_vidsdl.o gl_draw.o image.o gl_texmgr.o gl_mesh.o r_sprite.o r_alias.o r_brush.o gl_model.o in_sdl.o snd_dma.o snd_mix.o snd_mem.o bgmusic.o snd_codec.o snd_flac.o snd_wave.o snd_vorbis.o snd_opus.o snd_mp3.o snd_mp3tag.o snd_mikmod.o snd_modplug.o snd_xmp.o snd_umx.o snd_sdl.o cd_sdl.o net_bsd.o net_udp.o net_dgrm.o net_loop.o net_main.o chase.o cl_demo.o cl_download.o cl_input.o cl_main.o cl_parse.o cl_tent.o cl_watchlink.o console.o keys.o menu.o sbar.o view.o wad.o cmd.o common.o miniz.o crc.o cvar.o cfgfile.o host.o host_cmd.o mathlib.o pr_cmds.o pr_edict.o pr_exec.o sv_main.o sv_move.o sv_phys.o sv_user.o world.o zone.o pl_osx.o sys_sdl_unix.o AppController.o QuakeArgument.o QuakeArguments.o ScreenInfo.o SDLApplication.o main_sdl.o SDLMain.o -arch arm64 -mmacosx-version-min=11.0 -Wl,-framework,IOKit -Wl,-framework,OpenGL -Wl,-framework,Carbon  -L../MacOSX/codecs/lib  -lFLAC -lopusfile -lopus -logg -lvorbisfile -lvorbis -logg -lmad -lxmp -F../MacOSX -Wl,-framework,SDL2 -Wl,-framework,Cocoa -o quakespasm
ld: warning: ignoring duplicate libraries: '-logg'
ld: warning: reducing alignment of section __DATA,__common from 0x8000 to 0x4000 because it exceeds segment maximum alignment
strip -S quakespasm;
build/quakespasm-arm64: replacing existing signature
build/quakespasm-arm64: valid on disk
build/quakespasm-arm64: satisfies its Designated Requirement
[build-arm64] OK: build/quakespasm-arm64 (arm64, signed)
build/quakespasm-arm64: Mach-O 64-bit executable arm64
[build-arm64] source stamp bfcfd00dce57 → build/stamps/arm64
