LOG started on: 09/28/2026 06:31:39 
Playing registered version.
Console initialized.
UDP_Init: WARNING: gethostbyname failed (Unknown host)
UDP Initialized
Exe: 06:26:53 Sep 28 2026
256.0 megabyte heap
Video mode 1920x1080x32 60Hz (24-bit z-buffer, 0x FSAA) initialized
GL_VENDOR: NVIDIA Corporation
GL_RENDERER: NVIDIA GeForce 9400 OpenGL Engine
GL_VERSION: 2.1 NVIDIA-1.6.36
FOUND: ARB_vertex_buffer_object
FOUND: EXT_compiled_vertex_array
APPLE_client_storage present but unused on this arch (issue #30; -client-storage forces)
FOUND: APPLE_texture_range
FOUND: ARB_multitexture
GL_MAX_TEXTURE_UNITS: 8
FOUND: ARB_texture_env_combine
FOUND: ARB_texture_env_add
FOUND: SDL_GL_SWAP_CONTROL
FOUND: EXT_texture_filter_anisotropic
FOUND: EXT_texture_lod_bias
FOUND: ARB_texture_non_power_of_two
FOUND: GLSL
Enabled: GLSL gamma
Warning: GLSL alias model rendering off on GeForce 9400 (quake2#84; -glslalias forces)
FOUND: glGenerateMipmap
Warning: Multi-threaded OpenGL disabled on GeForce 9400 (driver crash -- -forcemtgl overrides)
WARNING: Could not disable mouse acceleration (failed at IOHIDGetAccelerationWithKey).
SDL detected 1 CD-ROM drive 
CDAudio initialized (SDL, using Mac OS X CD-ROM Device)
CDAudio_Init: No CD in drive

Language initialization
Couldn't load 'localization/loc_english.txt'
from '.'

========= Quake Initialized =========

execing quake.rc
execing default.cfg
execing config.cfg
execing autoexec.cfg
Playing demo from demo3.dem.
3 demo(s) in loop



The Door To Chthon
Using protocol 15
Warning: Mod_DecompressVis: output overrun on model "maps/e1m6.bsp"
R_BuildEmissiveLights: 1 seeds for maps/e1m6.bsp
You got the shells
You got the rockets
You get 2 rockets  
You receive 25 health
You got the Rocket Launcher
You receive 25 health
You get 2 rockets  
You got armor
You got the rockets
You receive 100 health
You get 2 rockets  
You got the nails
You got the silver runekey

        Your way has been lit...

1090 frames  10.1 seconds 107.9 fps
