LOG started on: 08/23/2026 10:55:53 
Playing registered version.
Console initialized.
UDP_Init: WARNING: gethostbyname failed (Unknown host)
UDP Initialized
Exe: 10:49:31 Aug 23 2026
256.0 megabyte heap
Video mode 1024x768x32 60Hz (24-bit z-buffer, 0x FSAA) initialized
GL_VENDOR: NVIDIA Corporation
GL_RENDERER: NVIDIA GeForce 9400 OpenGL Engine
GL_VERSION: 2.1 NVIDIA-1.6.36
FOUND: ARB_vertex_buffer_object
FOUND: EXT_compiled_vertex_array
FOUND: APPLE_client_storage
FOUND: APPLE_texture_range
FOUND: ARB_multitexture
GL_MAX_TEXTURE_UNITS: 8
FOUND: ARB_texture_env_combine
FOUND: ARB_texture_env_add
FOUND: SDL_GL_SWAP_CONTROL
FOUND: EXT_texture_filter_anisotropic
FOUND: EXT_texture_lod_bias
FOUND: ARB_texture_non_power_of_two
FOUND: GLSL
Enabled: GLSL gamma
Enabled: GLSL alias model rendering
Enabled: EXT_packed_pixels
FOUND: glGenerateMipmap
SDL detected 1 CD-ROM drive 
CDAudio initialized (SDL, using Mac OS X CD-ROM Device)
CDAudio_Init: No CD in drive

Language initialization
Couldn't load 'localization/loc_english.txt'
from '.'

========= Quake Initialized =========

execing quake.rc
execing default.cfg
couldn't exec config.cfg
execing autoexec.cfg
Unknown command "`"
Unknown command "`"
Unknown command "imac-2019"
Playing demo from demo1.dem.
3 demo(s) in loop



the Necropolis
Using protocol 15
Warning: Mod_DecompressVis: output overrun on model "maps/e1m3.bsp"
R_BuildEmissiveLights: 1 seeds for maps/e1m3.bsp
You got the shells
