LOG started on: 09/13/2026 10:23:25 
Playing registered version.
Console initialized.
UDP Initialized
Exe: 09:24:20 Sep 13 2026
256.0 megabyte heap
Video mode 2560x1440x32 60Hz (24-bit z-buffer, 8x FSAA) initialized
GL_VENDOR: ATI Technologies Inc.
GL_RENDERER: ATI Radeon Pro 580X OpenGL Engine
GL_VERSION: 2.1 ATI-7.0.24
FOUND: ARB_vertex_buffer_object
FOUND: EXT_compiled_vertex_array
APPLE_client_storage present but unused on this arch (issue #30; -client-storage forces)
FOUND: APPLE_texture_range
FOUND: ARB_multitexture
GL_MAX_TEXTURE_UNITS: 8
FOUND: ARB_texture_env_combine
FOUND: ARB_texture_env_add
FOUND: SDL_GL_SWAP_CONTROL
FOUND: EXT_texture_filter_anisotropic
FOUND: EXT_texture_lod_bias
FOUND: ARB_texture_non_power_of_two
FOUND: GLSL
Enabled: GLSL gamma
Enabled: GLSL alias model rendering
Enabled: EXT_packed_pixels
FOUND: glGenerateMipmap
SDL detected 1 CD-ROM drive 
CDAudio initialized (SDL, using Mac OS X CD-ROM Device)
CDAudio_Init: No CD in drive

Language initialization
Couldn't load 'localization/loc_english.txt'
from '.'

========= Quake Initialized =========

execing quake.rc
execing default.cfg
execing config.cfg
execing autoexec.cfg
Playing demo from demo1.dem.
3 demo(s) in loop



the Necropolis
Using protocol 15
Warning: Mod_DecompressVis: output overrun on model "maps/e1m3.bsp"
R_BuildEmissiveLights: 1 seeds for maps/e1m3.bsp
R_BuildEmissiveLights seed textures: z_exit 
R_BuildEmissiveLights skipped (fullbright but unmatched): 
You got the shells
You got the Grenade Launcher
You receive 25 health
You get 2 rockets  
You got the rockets
You got the nailgun
You got the nails
You got the nails
You receive 15 health
You receive 15 health
You got the rockets
You get 2 rockets  
You got the nails
You got the nails
You receive 25 health

         You need the gold key

You got the gold key
969 frames   4.5 seconds 215.6 fps
watchlink: browsing for companion (_q2watch._udp)...
