LOG started on: 05/09/2026 08:42:56 
Playing registered version.
Console initialized.
UDP Initialized
Exe: 06:32:18 May  9 2026
256.0 megabyte heap
Video mode 1024x768x32 60Hz (24-bit z-buffer, 0x FSAA) initialized
GL_VENDOR: Intel Inc.
GL_RENDERER: Intel GMA 950 OpenGL Engine
GL_VERSION: 1.4 APPLE-7.4.1
Warning: OpenGL version < 1.5, skipping ARB_vertex_buffer_object check
FOUND: APPLE_client_storage
FOUND: APPLE_texture_range
FOUND: ARB_multitexture
GL_MAX_TEXTURE_UNITS: 8
FOUND: ARB_texture_env_combine
FOUND: ARB_texture_env_add
FOUND: SDL_GL_SWAP_CONTROL
FOUND: EXT_texture_filter_anisotropic
FOUND: EXT_texture_lod_bias
FOUND: ARB_texture_non_power_of_two
Warning: OpenGL version < 2, GLSL not available
Warning: GLSL gamma not available, using hardware gamma
Warning: GLSL alias model rendering not available, using Fitz renderer
FOUND: glGenerateMipmapEXT
SDL detected 1 CD-ROM drive 
CDAudio initialized (SDL, using Mac OS X CD-ROM Device)
CDAudio_Init: No CD in drive

Language initialization
Couldn't load 'localization/loc_english.txt'
from '.'

========= Quake Initialized =========

execing quake.rc
execing default.cfg
execing config.cfg
execing autoexec.cfg
Unknown command "engine"
Unknown command "expected"
Unknown command "smooths"
Unknown command "flag"
Unknown command "Lion"
Unknown command "matches"
Unknown command "vid_wait"
Playing demo from demo3.dem.
3 demo(s) in loop



The Door To Chthon
Using protocol 15
You got the shells
You got the rockets
You get 2 rockets  
You receive 25 health
You got the Rocket Launcher
You receive 25 health
You get 2 rockets  
You got armor
You got the rockets
You receive 100 health
You get 2 rockets  
You got the nails
You got the silver runekey

        Your way has been lit...

1090 frames  24.3 seconds  44.9 fps
