snd_mix.c:191:35: warning: dereference of possibly-NULL ‘kernel’ [CWE-690] [-Wanalyzer-possible-null-dereference]
snd_mix.c:195:35: warning: dereference of possibly-NULL ‘kernel’ [CWE-690] [-Wanalyzer-possible-null-dereference]
snd_sdl.c:160:17: warning: leak of ‘calloc(1, (long unsigned int)buffersize)’ [CWE-401] [-Wanalyzer-malloc-leak]
wad.c:252:17: warning: dereference of possibly-NULL ‘wad’ [CWE-690] [-Wanalyzer-possible-null-dereference]
miniz.c:371:14: warning: use of uninitialized value ‘*r.m_num_bits’ [CWE-457] [-Wanalyzer-use-of-uninitialized-value]
miniz.c:371:14: warning: use of uninitialized value ‘*r.m_num_bits’ [CWE-457] [-Wanalyzer-use-of-uninitialized-value]
miniz.c:371:14: warning: use of uninitialized value ‘*r.m_num_bits’ [CWE-457] [-Wanalyzer-use-of-uninitialized-value]
pr_edict.c:1380:36: warning: dereference of NULL ‘0’ [CWE-476] [-Wanalyzer-null-dereference]
pr_edict.c:1389:28: warning: dereference of NULL ‘0’ [CWE-476] [-Wanalyzer-null-dereference]
common.c:2701:35: warning: dereference of NULL ‘cursor’ [CWE-476] [-Wanalyzer-null-dereference]
mathlib.h:56:81: warning: use of uninitialized value ‘p[1]’ [CWE-457] [-Wanalyzer-use-of-uninitialized-value]
mathlib.h:56:81: warning: use of uninitialized value ‘p1[1]’ [CWE-457] [-Wanalyzer-use-of-uninitialized-value]
mathlib.h:56:81: warning: use of uninitialized value ‘p2[1]’ [CWE-457] [-Wanalyzer-use-of-uninitialized-value]
mathlib.h:56:81: warning: use of uninitialized value ‘p2[1]’ [CWE-457] [-Wanalyzer-use-of-uninitialized-value]
lodepng.c:123:45: warning: dereference of possibly-NULL ‘out’ [CWE-690] [-Wanalyzer-possible-null-dereference]
lodepng.c:123:45: warning: dereference of possibly-NULL ‘buffer’ [CWE-690] [-Wanalyzer-possible-null-dereference]
lodepng.c:123:45: warning: dereference of possibly-NULL ‘buffer’ [CWE-690] [-Wanalyzer-possible-null-dereference]
lodepng.c:878:16: warning: use of uninitialized value ‘*<unknown>’ [CWE-457] [-Wanalyzer-use-of-uninitialized-value]
lodepng.c:909:66: warning: dereference of possibly-NULL ‘b’ [CWE-690] [-Wanalyzer-possible-null-dereference]
lodepng.c:910:19: warning: dereference of possibly-NULL ‘b’ [CWE-690] [-Wanalyzer-possible-null-dereference]
lodepng.c:1008:16: warning: heap-based buffer over-read [CWE-122] [-Wanalyzer-out-of-bounds]
lodepng.c:3098:37: warning: dereference of possibly-NULL ‘out’ [CWE-690] [-Wanalyzer-possible-null-dereference]
lodepng.c:3172:36: warning: dereference of possibly-NULL ‘out’ [CWE-690] [-Wanalyzer-possible-null-dereference]
lodepng.c:3173:50: warning: dereference of possibly-NULL ‘out’ [CWE-690] [-Wanalyzer-possible-null-dereference]
lodepng.c:3181:22: warning: dereference of possibly-NULL ‘out’ [CWE-690] [-Wanalyzer-possible-null-dereference]
lodepng.c:3185:22: warning: dereference of possibly-NULL ‘out’ [CWE-690] [-Wanalyzer-possible-null-dereference]
lodepng.c:3197:22: warning: dereference of possibly-NULL ‘out’ [CWE-690] [-Wanalyzer-possible-null-dereference]
lodepng.c:3200:22: warning: dereference of possibly-NULL ‘out’ [CWE-690] [-Wanalyzer-possible-null-dereference]
lodepng.c:3205:22: warning: dereference of possibly-NULL ‘out’ [CWE-690] [-Wanalyzer-possible-null-dereference]
lodepng.c:3210:22: warning: dereference of possibly-NULL ‘out’ [CWE-690] [-Wanalyzer-possible-null-dereference]
